Component: ARM Compiler 5.06 update 1 (build 61) Tool: armlink [4d35a8]

==============================================================================

Section Cross References

    main.o(i.Sensor_Read) refers to mse5611.o(i.Single_Read_Temp) for Single_Read_Temp
    main.o(i.Sensor_Read) refers to mse5611.o(i.ReadPressure_Pre) for ReadPressure_Pre
    main.o(i.Sensor_Read) refers to mpu6050.o(i.MPU6050_Read) for MPU6050_Read
    main.o(i.Sensor_Read) refers to hmc5983.o(i.HMC5983_Read_Mag) for HMC5983_Read_Mag
    main.o(i.Sensor_Read) refers to fflti.o(.text) for __aeabi_i2f
    main.o(i.Sensor_Read) refers to fmul.o(.text) for __aeabi_fmul
    main.o(i.Sensor_Read) refers to mahonyahrs.o(i.Mahony_update) for Mahony_update
    main.o(i.Sensor_Read) refers to mahonyahrs.o(i.Mahony_computeAngles) for Mahony_computeAngles
    main.o(i.Sensor_Read) refers to mse5611.o(i.ReadPressure) for ReadPressure
    main.o(i.Sensor_Read) refers to mse5611.o(i.Caculate) for Caculate
    main.o(i.Sensor_Read) refers to hmc5983.o(.data) for Mag
    main.o(i.Sensor_Read) refers to mpu6050.o(.data) for Acc
    main.o(i.Sensor_Read) refers to main.o(.data) for Factor
    main.o(i.main) refers to bsp.o(i.InitSystem) for InitSystem
    main.o(i.main) refers to mahonyahrs.o(i.Mahony_Init) for Mahony_Init
    main.o(i.main) refers to main.o(i.Sensor_Read) for Sensor_Read
    main.o(i.main) refers to mahonyahrs.o(i.getRoll) for getRoll
    main.o(i.main) refers to f2d.o(.text) for __aeabi_f2d
    main.o(i.main) refers to printfa.o(i.__0sprintf) for __2sprintf
    main.o(i.main) refers to 5110.o(i.LCD_E_Str) for LCD_E_Str
    main.o(i.main) refers to mahonyahrs.o(i.getPitch) for getPitch
    main.o(i.main) refers to mahonyahrs.o(i.getYaw) for getYaw
    system_stm32f0xx.o(i.SystemCoreClockUpdate) refers to uidiv.o(.text) for __aeabi_uidivmod
    system_stm32f0xx.o(i.SystemCoreClockUpdate) refers to system_stm32f0xx.o(.data) for SystemCoreClock
    system_stm32f0xx.o(i.SystemInit) refers to system_stm32f0xx.o(i.SetSysClock) for SetSysClock
    bsp.o(i.Alive_LED) refers to stm32f0xx_gpio.o(i.GPIO_ReadOutputDataBit) for GPIO_ReadOutputDataBit
    bsp.o(i.Alive_LED) refers to stm32f0xx_gpio.o(i.GPIO_ResetBits) for GPIO_ResetBits
    bsp.o(i.Alive_LED) refers to stm32f0xx_gpio.o(i.GPIO_SetBits) for GPIO_SetBits
    bsp.o(i.Alive_LED) refers to bsp.o(.data) for Counter
    bsp.o(i.InitClock) refers to stm32f0xx_rcc.o(i.RCC_AHBPeriphClockCmd) for RCC_AHBPeriphClockCmd
    bsp.o(i.InitClock) refers to stm32f0xx_rcc.o(i.RCC_APB1PeriphClockCmd) for RCC_APB1PeriphClockCmd
    bsp.o(i.InitClock) refers to stm32f0xx_rcc.o(i.RCC_I2CCLKConfig) for RCC_I2CCLKConfig
    bsp.o(i.InitClock) refers to stm32f0xx_rcc.o(i.RCC_APB2PeriphClockCmd) for RCC_APB2PeriphClockCmd
    bsp.o(i.InitGPIO) refers to stm32f0xx_gpio.o(i.GPIO_PinAFConfig) for GPIO_PinAFConfig
    bsp.o(i.InitGPIO) refers to stm32f0xx_gpio.o(i.GPIO_Init) for GPIO_Init
    bsp.o(i.InitGPIO) refers to stm32f0xx_gpio.o(i.GPIO_ResetBits) for GPIO_ResetBits
    bsp.o(i.InitI2C) refers to stm32f0xx_i2c.o(i.I2C_Init) for I2C_Init
    bsp.o(i.InitI2C) refers to stm32f0xx_i2c.o(i.I2C_Cmd) for I2C_Cmd
    bsp.o(i.InitSPI) refers to stm32f0xx_spi.o(i.SPI_Init) for SPI_Init
    bsp.o(i.InitSPI) refers to stm32f0xx_spi.o(i.SPI_RxFIFOThresholdConfig) for SPI_RxFIFOThresholdConfig
    bsp.o(i.InitSPI) refers to stm32f0xx_spi.o(i.SPI_Cmd) for SPI_Cmd
    bsp.o(i.InitSystem) refers to bsp.o(i.InitClock) for InitClock
    bsp.o(i.InitSystem) refers to bsp.o(i.InitGPIO) for InitGPIO
    bsp.o(i.InitSystem) refers to bsp.o(i.InitSPI) for InitSPI
    bsp.o(i.InitSystem) refers to bsp.o(i.InitI2C) for InitI2C
    bsp.o(i.InitSystem) refers to bsp.o(i.PWM_Config) for PWM_Config
    bsp.o(i.InitSystem) refers to bsp.o(i.MPU6050_TimerInit) for MPU6050_TimerInit
    bsp.o(i.InitSystem) refers to mpu6050.o(i.MPU6050_Config) for MPU6050_Config
    bsp.o(i.InitSystem) refers to mse5611.o(i.MSE5611_Config) for MSE5611_Config
    bsp.o(i.InitSystem) refers to hmc5983.o(i.HMC5983_Config) for HMC5983_Config
    bsp.o(i.InitSystem) refers to 5110.o(i.LCD_init) for LCD_init
    bsp.o(i.MPU6050_TimerInit) refers to stm32f0xx_tim.o(i.TIM_TimeBaseInit) for TIM_TimeBaseInit
    bsp.o(i.PWM_Config) refers to uidiv.o(.text) for __aeabi_uidivmod
    bsp.o(i.PWM_Config) refers to stm32f0xx_tim.o(i.TIM_TimeBaseInit) for TIM_TimeBaseInit
    bsp.o(i.PWM_Config) refers to dfltui.o(.text) for __aeabi_ui2d
    bsp.o(i.PWM_Config) refers to dmul.o(.text) for __aeabi_dmul
    bsp.o(i.PWM_Config) refers to dfixui.o(.text) for __aeabi_d2uiz
    bsp.o(i.PWM_Config) refers to stm32f0xx_tim.o(i.TIM_OC1Init) for TIM_OC1Init
    bsp.o(i.PWM_Config) refers to stm32f0xx_tim.o(i.TIM_OC2Init) for TIM_OC2Init
    bsp.o(i.PWM_Config) refers to stm32f0xx_tim.o(i.TIM_OC3Init) for TIM_OC3Init
    bsp.o(i.PWM_Config) refers to stm32f0xx_tim.o(i.TIM_OC4Init) for TIM_OC4Init
[...]
    printf8.o(i.__0vfprintf$8) refers to fputc.o(i.fputc) for fputc
    printf8.o(i.__0vprintf$8) refers to printf8.o(i._printf_core) for _printf_core
    printf8.o(i.__0vprintf$8) refers to fputc.o(i.fputc) for fputc
    printf8.o(i.__0vprintf$8) refers to stdout.o(.data) for __stdout
    printf8.o(i.__0vsnprintf$8) refers to printf8.o(i._printf_core) for _printf_core
    printf8.o(i.__0vsnprintf$8) refers to printf8.o(i._snputc) for _snputc
    printf8.o(i.__0vsprintf$8) refers to printf8.o(i._printf_core) for _printf_core
    printf8.o(i.__0vsprintf$8) refers to printf8.o(i._sputc) for _sputc
    printf8.o(i._printf_core) refers to printf8.o(i._printf_pre_padding) for _printf_pre_padding
    printf8.o(i._printf_core) refers to printf8.o(i._printf_post_padding) for _printf_post_padding
    printf8.o(i._printf_core) refers to uldiv.o(.text) for __aeabi_uldivmod
    printfa.o(i.__0fprintf) refers (Special) to iusefp.o(.text) for __I$use$fp
    printfa.o(i.__0fprintf) refers to printfa.o(i._printf_core) for _printf_core
    printfa.o(i.__0fprintf) refers to fputc.o(i.fputc) for fputc
    printfa.o(i.__0printf) refers (Special) to iusefp.o(.text) for __I$use$fp
    printfa.o(i.__0printf) refers to printfa.o(i._printf_core) for _printf_core
    printfa.o(i.__0printf) refers to fputc.o(i.fputc) for fputc
    printfa.o(i.__0printf) refers to stdout.o(.data) for __stdout
    printfa.o(i.__0snprintf) refers (Special) to iusefp.o(.text) for __I$use$fp
    printfa.o(i.__0snprintf) refers to printfa.o(i._printf_core) for _printf_core
    printfa.o(i.__0snprintf) refers to printfa.o(i._snputc) for _snputc
    printfa.o(i.__0sprintf) refers (Special) to iusefp.o(.text) for __I$use$fp
    printfa.o(i.__0sprintf) refers to printfa.o(i._printf_core) for _printf_core
    printfa.o(i.__0sprintf) refers to printfa.o(i._sputc) for _sputc
    printfa.o(i.__0vfprintf) refers (Special) to iusefp.o(.text) for __I$use$fp
    printfa.o(i.__0vfprintf) refers to printfa.o(i._printf_core) for _printf_core
    printfa.o(i.__0vfprintf) refers to fputc.o(i.fputc) for fputc
    printfa.o(i.__0vprintf) refers (Special) to iusefp.o(.text) for __I$use$fp
    printfa.o(i.__0vprintf) refers to printfa.o(i._printf_core) for _printf_core
    printfa.o(i.__0vprintf) refers to fputc.o(i.fputc) for fputc
    printfa.o(i.__0vprintf) refers to stdout.o(.data) for __stdout
    printfa.o(i.__0vsnprintf) refers (Special) to iusefp.o(.text) for __I$use$fp
    printfa.o(i.__0vsnprintf) refers to printfa.o(i._printf_core) for _printf_core
    printfa.o(i.__0vsnprintf) refers to printfa.o(i._snputc) for _snputc
    printfa.o(i.__0vsprintf) refers (Special) to iusefp.o(.text) for __I$use$fp
    printfa.o(i.__0vsprintf) refers to printfa.o(i._printf_core) for _printf_core
    printfa.o(i.__0vsprintf) refers to printfa.o(i._sputc) for _sputc
    printfa.o(i._fp_digits) refers (Special) to iusefp.o(.text) for __I$use$fp
    printfa.o(i._fp_digits) refers to dmul.o(.text) for __aeabi_dmul
    printfa.o(i._fp_digits) refers to ddiv.o(.text) for __aeabi_ddiv
    printfa.o(i._fp_digits) refers to cdrcmple.o(.text) for __aeabi_cdrcmple
    printfa.o(i._fp_digits) refers to dadd.o(.text) for __aeabi_dadd
    printfa.o(i._fp_digits) refers to dfixul.o(.text) for __aeabi_d2ulz
    printfa.o(i._fp_digits) refers to uldiv.o(.text) for __aeabi_uldivmod
    printfa.o(i._printf_core) refers (Special) to iusefp.o(.text) for __I$use$fp
    printfa.o(i._printf_core) refers to printfa.o(i._printf_pre_padding) for _printf_pre_padding
    printfa.o(i._printf_core) refers to uldiv.o(.text) for __aeabi_uldivmod
    printfa.o(i._printf_core) refers to printfa.o(i._printf_post_padding) for _printf_post_padding
    printfa.o(i._printf_core) refers to printfa.o(i._fp_digits) for _fp_digits
    printfa.o(i._printf_core) refers to uidiv.o(.text) for __aeabi_uidivmod
    printfa.o(i._printf_post_padding) refers (Special) to iusefp.o(.text) for __I$use$fp
    printfa.o(i._printf_pre_padding) refers (Special) to iusefp.o(.text) for __I$use$fp
    printfa.o(i._snputc) refers (Special) to iusefp.o(.text) for __I$use$fp
    printfa.o(i._sputc) refers (Special) to iusefp.o(.text) for __I$use$fp
    fadd.o(.text) refers (Special) to iusefp.o(.text) for __I$use$fp
    fadd.o(.text) refers to fepilogue.o(.text) for _float_epilogue
    fmul.o(.text) refers (Special) to iusefp.o(.text) for __I$use$fp
    fdiv.o(.text) refers (Special) to iusefp.o(.text) for __I$use$fp
    fdiv.o(.text) refers to fepilogue.o(.text) for _float_round
    dmul.o(.text) refers (Special) to iusefp.o(.text) for __I$use$fp
    dmul.o(.text) refers to depilogue.o(.text) for _double_epilogue
    fflti.o(.text) refers (Special) to iusefp.o(.text) for __I$use$fp
    fflti.o(.text) refers to fepilogue.o(.text) for _float_epilogue
    dfltui.o(.text) refers (Special) to iusefp.o(.text) for __I$use$fp
    dfltui.o(.text) refers to depilogue.o(.text) for _double_epilogue
    dfixui.o(.text) refers (Special) to iusefp.o(.text) for __I$use$fp
    dfixui.o(.text) refers to llushr.o(.text) for __aeabi_llsr
    f2d.o(.text) refers (Special) to iusefp.o(.text) for __I$use$fp
    cfcmple.o(.text) refers (Special) to iusefp.o(.text) for __I$use$fp
    cfrcmple.o(.text) refers (Special) to iusefp.o(.text) for __I$use$fp
    fpclassifyf.o(i.__ARM_fpclassifyf) refers (Special) to iusefp.o(.text) for __I$use$fp
    funder.o(i.__mathlib_flt_divzero) refers to fdiv.o(.text) for __aeabi_fdiv
    funder.o(i.__mathlib_flt_infnan) refers to fscalb.o(.text) for __ARM_scalbnf
    funder.o(i.__mathlib_flt_infnan2) refers to fadd.o(.text) for __aeabi_fadd
    funder.o(i.__mathlib_flt_invalid) refers to fdiv.o(.text) for __aeabi_fdiv
    funder.o(i.__mathlib_flt_overflow) refers to fscalb.o(.text) for __ARM_scalbnf
    funder.o(i.__mathlib_flt_posinfnan) refers to fmul.o(.text) for __aeabi_fmul
    funder.o(i.__mathlib_flt_underflow) refers to fscalb.o(.text) for __ARM_scalbnf
    entry2.o(.ARM.Collect$$$$00000001) refers to entry2.o(.ARM.Collect$$$$00002712) for __lit__00000000
    entry2.o(.ARM.Collect$$$$00002712) refers to startup_stm32f0xx.o(STACK) for __initial_sp
    entry2.o(__vectab_stack_and_reset_area) refers to startup_stm32f0xx.o(STACK) for __initial_sp
    entry2.o(__vectab_stack_and_reset_area) refers to entry.o(.ARM.Collect$$$$00000000) for __main
    entry5.o(.ARM.Collect$$$$00000004) refers to init.o(.text) for __scatterload
    entry9a.o(.ARM.Collect$$$$0000000B) refers to main.o(i.main) for main
    entry9b.o(.ARM.Collect$$$$0000000C) refers to main.o(i.main) for main
    fputc.o(i.fputc) refers (Special) to iusesemip.o(.text) for __I$use$semihosting$fputc
    fputc.o(i.fputc) refers (Special) to semi.o(.text) for __semihosting_library_function
    uldiv.o(.text) refers to llushr.o(.text) for __aeabi_llsr
    uldiv.o(.text) refers to llshl.o(.text) for __aeabi_llsl
    errno.o(i.__aeabi_errno_addr) refers to errno.o(.data) for .data
    errno.o(i.__read_errno) refers to errno.o(.data) for .data
    errno.o(i.__set_errno) refers to errno.o(.data) for .data
    fsqrt.o(.text) refers to fepilogue.o(.text) for _float_round
    depilogue.o(.text) refers to depilogue.o(i.__ARM_clz) for __ARM_clz
    depilogue.o(.text) refers to llshl.o(.text) for __aeabi_llsl
    depilogue.o(.text) refers to llushr.o(.text) for __aeabi_llsr
    dadd.o(.text) refers to llshl.o(.text) for __aeabi_llsl
    dadd.o(.text) refers to llsshr.o(.text) for __aeabi_lasr
    dadd.o(.text) refers to depilogue.o(.text) for _double_epilogue
    ddiv.o(.text) refers to depilogue.o(.text) for _double_round
    dfixul.o(.text) refers to llushr.o(.text) for __aeabi_llsr
    dfixul.o(.text) refers to llshl.o(.text) for __aeabi_llsl
    init.o(.text) refers to entry5.o(.ARM.Collect$$$$00000004) for __main_after_scatterload


==============================================================================

Removing Unused input sections from the image.

    Removing main.o(.rev16_text), (4 bytes).
    Removing main.o(.revsh_text), (4 bytes).
    Removing stm32f0xx_it.o(.rev16_text), (4 bytes).
    Removing stm32f0xx_it.o(.revsh_text), (4 bytes).
    Removing system_stm32f0xx.o(.rev16_text), (4 bytes).
    Removing system_stm32f0xx.o(.revsh_text), (4 bytes).
    Removing system_stm32f0xx.o(i.SystemCoreClockUpdate), (176 bytes).
    Removing bsp.o(.rev16_text), (4 bytes).
    Removing bsp.o(.revsh_text), (4 bytes).
    Removing bsp.o(i.Alive_LED), (68 bytes).
    Removing bsp.o(i.NVIC_SetPriority), (120 bytes).
    Removing bsp.o(i.sTick), (88 bytes).
    Removing bsp.o(.data), (1 bytes).
    Removing i2c_libary.o(.rev16_text), (4 bytes).
    Removing i2c_libary.o(.revsh_text), (4 bytes).
    Removing i2c_libary.o(i.I2C_WriteRegBytes_1), (138 bytes).
    Removing stm32f0xx_gpio.o(.rev16_text), (4 bytes).
    Removing stm32f0xx_gpio.o(.revsh_text), (4 bytes).
    Removing stm32f0xx_gpio.o(i.GPIO_DeInit), (176 bytes).
    Removing stm32f0xx_gpio.o(i.GPIO_PinLockConfig), (34 bytes).
    Removing stm32f0xx_gpio.o(i.GPIO_ReadInputData), (6 bytes).
    Removing stm32f0xx_gpio.o(i.GPIO_ReadInputDataBit), (20 bytes).
    Removing stm32f0xx_gpio.o(i.GPIO_ReadOutputData), (6 bytes).
    Removing stm32f0xx_gpio.o(i.GPIO_ReadOutputDataBit), (20 bytes).
    Removing stm32f0xx_gpio.o(i.GPIO_StructInit), (24 bytes).
    Removing stm32f0xx_gpio.o(i.GPIO_Write), (4 bytes).
    Removing stm32f0xx_gpio.o(i.GPIO_WriteBit), (12 bytes).
    Removing stm32f0xx_rcc.o(.rev16_text), (4 bytes).
    Removing stm32f0xx_rcc.o(.revsh_text), (4 bytes).
    Removing stm32f0xx_rcc.o(i.RCC_ADCCLKConfig), (56 bytes).
    Removing stm32f0xx_rcc.o(i.RCC_AHBPeriphResetCmd), (32 bytes).
    Removing stm32f0xx_rcc.o(i.RCC_APB1PeriphResetCmd), (32 bytes).
    Removing stm32f0xx_rcc.o(i.RCC_APB2PeriphResetCmd), (32 bytes).
    Removing stm32f0xx_rcc.o(i.RCC_AdjustHSI14CalibrationValue), (32 bytes).
    Removing stm32f0xx_rcc.o(i.RCC_AdjustHSICalibrationValue), (32 bytes).
    Removing stm32f0xx_rcc.o(i.RCC_BackupResetCmd), (40 bytes).
    Removing stm32f0xx_rcc.o(i.RCC_CECCLKConfig), (28 bytes).
    Removing stm32f0xx_rcc.o(i.RCC_ClearFlag), (20 bytes).
    Removing stm32f0xx_rcc.o(i.RCC_ClearITPendingBit), (12 bytes).
    Removing stm32f0xx_rcc.o(i.RCC_ClockSecuritySystemCmd), (40 bytes).
    Removing stm32f0xx_rcc.o(i.RCC_DeInit), (120 bytes).
    Removing stm32f0xx_rcc.o(i.RCC_GetClocksFreq), (584 bytes).
    Removing stm32f0xx_rcc.o(i.RCC_GetFlagStatus), (72 bytes).
    Removing stm32f0xx_rcc.o(i.RCC_GetITStatus), (28 bytes).
    Removing stm32f0xx_rcc.o(i.RCC_GetSYSCLKSource), (16 bytes).
    Removing stm32f0xx_rcc.o(i.RCC_HCLKConfig), (32 bytes).
    Removing stm32f0xx_rcc.o(i.RCC_HSEConfig), (16 bytes).
    Removing stm32f0xx_rcc.o(i.RCC_HSI14ADCRequestCmd), (36 bytes).
    Removing stm32f0xx_rcc.o(i.RCC_HSI14Cmd), (36 bytes).
    Removing stm32f0xx_rcc.o(i.RCC_HSI48Cmd), (40 bytes).
    Removing stm32f0xx_rcc.o(i.RCC_HSICmd), (36 bytes).
    Removing stm32f0xx_rcc.o(i.RCC_ITConfig), (32 bytes).
    Removing stm32f0xx_rcc.o(i.RCC_LSEConfig), (40 bytes).
    Removing stm32f0xx_rcc.o(i.RCC_LSEDriveConfig), (28 bytes).
    Removing stm32f0xx_rcc.o(i.RCC_LSICmd), (36 bytes).
    Removing stm32f0xx_rcc.o(i.RCC_MCOConfig), (12 bytes).
    Removing stm32f0xx_rcc.o(i.RCC_PCLKConfig), (36 bytes).
    Removing stm32f0xx_rcc.o(i.RCC_PLLCmd), (40 bytes).
    Removing stm32f0xx_rcc.o(i.RCC_PLLConfig), (36 bytes).
    Removing stm32f0xx_rcc.o(i.RCC_PREDIV1Config), (28 bytes).
    Removing stm32f0xx_rcc.o(i.RCC_RTCCLKCmd), (40 bytes).
    Removing stm32f0xx_rcc.o(i.RCC_RTCCLKConfig), (16 bytes).
    Removing stm32f0xx_rcc.o(i.RCC_SYSCLKConfig), (28 bytes).
    Removing stm32f0xx_rcc.o(i.RCC_USARTCLKConfig), (72 bytes).
    Removing stm32f0xx_rcc.o(i.RCC_USBCLKConfig), (28 bytes).
    Removing stm32f0xx_rcc.o(i.RCC_WaitForHSEStartUp), (60 bytes).
    Removing stm32f0xx_rcc.o(.data), (16 bytes).
    Removing stm32f0xx_dma.o(.rev16_text), (4 bytes).
    Removing stm32f0xx_dma.o(.revsh_text), (4 bytes).
    Removing stm32f0xx_dma.o(i.DMA_ClearFlag), (32 bytes).
    Removing stm32f0xx_dma.o(i.DMA_ClearITPendingBit), (32 bytes).
    Removing stm32f0xx_dma.o(i.DMA_Cmd), (28 bytes).
    Removing stm32f0xx_dma.o(i.DMA_DeInit), (356 bytes).
    Removing stm32f0xx_dma.o(i.DMA_GetCurrDataCounter), (8 bytes).
    Removing stm32f0xx_dma.o(i.DMA_GetFlagStatus), (52 bytes).
    Removing stm32f0xx_dma.o(i.DMA_GetITStatus), (52 bytes).
    Removing stm32f0xx_dma.o(i.DMA_ITConfig), (20 bytes).
    Removing stm32f0xx_dma.o(i.DMA_Init), (64 bytes).
    Removing stm32f0xx_dma.o(i.DMA_RemapConfig), (52 bytes).
    Removing stm32f0xx_dma.o(i.DMA_SetCurrDataCounter), (4 bytes).
    Removing stm32f0xx_dma.o(i.DMA_StructInit), (26 bytes).
    Removing stm32f0xx_i2c.o(.rev16_text), (4 bytes).
    Removing stm32f0xx_i2c.o(.revsh_text), (4 bytes).
    Removing stm32f0xx_i2c.o(i.I2C_10BitAddressHeaderCmd), (28 bytes).
    Removing stm32f0xx_i2c.o(i.I2C_10BitAddressingModeCmd), (28 bytes).
    Removing stm32f0xx_i2c.o(i.I2C_AcknowledgeConfig), (28 bytes).
    Removing stm32f0xx_i2c.o(i.I2C_AutoEndCmd), (28 bytes).
    Removing stm32f0xx_i2c.o(i.I2C_CalculatePEC), (28 bytes).
    Removing stm32f0xx_i2c.o(i.I2C_ClearFlag), (4 bytes).
    Removing stm32f0xx_i2c.o(i.I2C_ClearITPendingBit), (4 bytes).
    Removing stm32f0xx_i2c.o(i.I2C_ClockTimeoutCmd), (28 bytes).
    Removing stm32f0xx_i2c.o(i.I2C_DMACmd), (20 bytes).
    Removing stm32f0xx_i2c.o(i.I2C_DeInit), (56 bytes).
    Removing stm32f0xx_i2c.o(i.I2C_DualAddressCmd), (28 bytes).
    Removing stm32f0xx_i2c.o(i.I2C_ExtendedClockTimeoutCmd), (26 bytes).
    Removing stm32f0xx_i2c.o(i.I2C_GeneralCallCmd), (28 bytes).
    Removing stm32f0xx_i2c.o(i.I2C_GenerateSTART), (28 bytes).
    Removing stm32f0xx_i2c.o(i.I2C_GenerateSTOP), (28 bytes).
    Removing stm32f0xx_i2c.o(i.I2C_GetAddressMatched), (14 bytes).
    Removing stm32f0xx_i2c.o(i.I2C_GetITStatus), (78 bytes).
    Removing stm32f0xx_i2c.o(i.I2C_GetPEC), (8 bytes).
    Removing stm32f0xx_i2c.o(i.I2C_GetTransferDirection), (30 bytes).
    Removing stm32f0xx_i2c.o(i.I2C_ITConfig), (20 bytes).
    Removing stm32f0xx_i2c.o(i.I2C_IdleClockTimeoutCmd), (28 bytes).
    Removing stm32f0xx_i2c.o(i.I2C_MasterRequestConfig), (28 bytes).
    Removing stm32f0xx_i2c.o(i.I2C_NumberOfBytesConfig), (28 bytes).
    Removing stm32f0xx_i2c.o(i.I2C_OwnAddress2Config), (36 bytes).
    Removing stm32f0xx_i2c.o(i.I2C_PECRequestCmd), (28 bytes).
    Removing stm32f0xx_i2c.o(i.I2C_ReadRegister), (22 bytes).
    Removing stm32f0xx_i2c.o(i.I2C_ReloadCmd), (28 bytes).
    Removing stm32f0xx_i2c.o(i.I2C_SMBusAlertCmd), (28 bytes).
    Removing stm32f0xx_i2c.o(i.I2C_SlaveAddressConfig), (20 bytes).
    Removing stm32f0xx_i2c.o(i.I2C_SlaveByteControlCmd), (28 bytes).
    Removing stm32f0xx_i2c.o(i.I2C_SoftwareResetCmd), (20 bytes).
    Removing stm32f0xx_i2c.o(i.I2C_StopModeCmd), (28 bytes).
    Removing stm32f0xx_i2c.o(i.I2C_StretchClockCmd), (28 bytes).
    Removing stm32f0xx_i2c.o(i.I2C_StructInit), (24 bytes).
    Removing stm32f0xx_i2c.o(i.I2C_TimeoutAConfig), (20 bytes).
    Removing stm32f0xx_i2c.o(i.I2C_TimeoutBConfig), (32 bytes).
    Removing stm32f0xx_spi.o(.rev16_text), (4 bytes).
    Removing stm32f0xx_spi.o(.revsh_text), (4 bytes).
    Removing stm32f0xx_spi.o(i.I2S_Cmd), (32 bytes).
    Removing stm32f0xx_spi.o(i.I2S_Init), (232 bytes).
    Removing stm32f0xx_spi.o(i.I2S_StructInit), (20 bytes).
    Removing stm32f0xx_spi.o(i.SPI_BiDirectionalLineConfig), (32 bytes).
    Removing stm32f0xx_spi.o(i.SPI_CRCLengthConfig), (20 bytes).
    Removing stm32f0xx_spi.o(i.SPI_CalculateCRC), (32 bytes).
    Removing stm32f0xx_spi.o(i.SPI_DataSizeConfig), (24 bytes).
    Removing stm32f0xx_spi.o(i.SPI_GetCRC), (16 bytes).
    Removing stm32f0xx_spi.o(i.SPI_GetCRCPolynomial), (6 bytes).
    Removing stm32f0xx_spi.o(i.SPI_GetReceptionFIFOStatus), (12 bytes).
    Removing stm32f0xx_spi.o(i.SPI_GetTransmissionFIFOStatus), (12 bytes).
    Removing stm32f0xx_spi.o(i.SPI_I2S_ClearFlag), (6 bytes).
    Removing stm32f0xx_spi.o(i.SPI_I2S_DMACmd), (20 bytes).
    Removing stm32f0xx_spi.o(i.SPI_I2S_DeInit), (60 bytes).
    Removing stm32f0xx_spi.o(i.SPI_I2S_GetITStatus), (56 bytes).
    Removing stm32f0xx_spi.o(i.SPI_I2S_ITConfig), (34 bytes).
    Removing stm32f0xx_spi.o(i.SPI_I2S_ReceiveData16), (6 bytes).
    Removing stm32f0xx_spi.o(i.SPI_I2S_SendData16), (4 bytes).
    Removing stm32f0xx_spi.o(i.SPI_LastDMATransferCmd), (20 bytes).
    Removing stm32f0xx_spi.o(i.SPI_NSSInternalSoftwareConfig), (32 bytes).
    Removing stm32f0xx_spi.o(i.SPI_NSSPulseModeCmd), (28 bytes).
    Removing stm32f0xx_spi.o(i.SPI_ReceiveData8), (12 bytes).
    Removing stm32f0xx_spi.o(i.SPI_SSOutputCmd), (28 bytes).
    Removing stm32f0xx_spi.o(i.SPI_StructInit), (30 bytes).
    Removing stm32f0xx_spi.o(i.SPI_TIModeCmd), (28 bytes).
    Removing stm32f0xx_spi.o(i.SPI_TransmitCRC), (12 bytes).
    Removing stm32f0xx_tim.o(.rev16_text), (4 bytes).
    Removing stm32f0xx_tim.o(.revsh_text), (4 bytes).
    Removing stm32f0xx_tim.o(i.TI1_Config), (56 bytes).
    Removing stm32f0xx_tim.o(i.TI2_Config), (76 bytes).
    Removing stm32f0xx_tim.o(i.TI3_Config), (72 bytes).
    Removing stm32f0xx_tim.o(i.TI4_Config), (80 bytes).
    Removing stm32f0xx_tim.o(i.TIM_ARRPreloadConfig), (28 bytes).
    Removing stm32f0xx_tim.o(i.TIM_BDTRConfig), (32 bytes).
    Removing stm32f0xx_tim.o(i.TIM_BDTRStructInit), (18 bytes).
    Removing stm32f0xx_tim.o(i.TIM_CCPreloadControl), (28 bytes).
    Removing stm32f0xx_tim.o(i.TIM_CCxCmd), (30 bytes).
    Removing stm32f0xx_tim.o(i.TIM_CCxNCmd), (30 bytes).
    Removing stm32f0xx_tim.o(i.TIM_ClearFlag), (6 bytes).
    Removing stm32f0xx_tim.o(i.TIM_ClearITPendingBit), (6 bytes).
    Removing stm32f0xx_tim.o(i.TIM_ClearOC1Ref), (24 bytes).
    Removing stm32f0xx_tim.o(i.TIM_ClearOC2Ref), (20 bytes).
    Removing stm32f0xx_tim.o(i.TIM_ClearOC3Ref), (24 bytes).
    Removing stm32f0xx_tim.o(i.TIM_ClearOC4Ref), (20 bytes).
    Removing stm32f0xx_tim.o(i.TIM_CounterModeConfig), (24 bytes).
    Removing stm32f0xx_tim.o(i.TIM_DMACmd), (20 bytes).
    Removing stm32f0xx_tim.o(i.TIM_DMAConfig), (12 bytes).
    Removing stm32f0xx_tim.o(i.TIM_DeInit), (260 bytes).
    Removing stm32f0xx_tim.o(i.TIM_ETRClockMode1Config), (52 bytes).
    Removing stm32f0xx_tim.o(i.TIM_ETRClockMode2Config), (34 bytes).
    Removing stm32f0xx_tim.o(i.TIM_ETRConfig), (24 bytes).
    Removing stm32f0xx_tim.o(i.TIM_EncoderInterfaceConfig), (68 bytes).
    Removing stm32f0xx_tim.o(i.TIM_ForcedOC1Config), (24 bytes).
    Removing stm32f0xx_tim.o(i.TIM_ForcedOC2Config), (24 bytes).
    Removing stm32f0xx_tim.o(i.TIM_ForcedOC3Config), (24 bytes).
    Removing stm32f0xx_tim.o(i.TIM_ForcedOC4Config), (24 bytes).
    Removing stm32f0xx_tim.o(i.TIM_GenerateEvent), (4 bytes).
    Removing stm32f0xx_tim.o(i.TIM_GetCapture1), (6 bytes).
    Removing stm32f0xx_tim.o(i.TIM_GetCapture2), (6 bytes).
    Removing stm32f0xx_tim.o(i.TIM_GetCapture3), (6 bytes).
    Removing stm32f0xx_tim.o(i.TIM_GetCapture4), (6 bytes).
    Removing stm32f0xx_tim.o(i.TIM_GetCounter), (6 bytes).
    Removing stm32f0xx_tim.o(i.TIM_GetFlagStatus), (20 bytes).
    Removing stm32f0xx_tim.o(i.TIM_GetITStatus), (38 bytes).
    Removing stm32f0xx_tim.o(i.TIM_GetPrescaler), (6 bytes).
    Removing stm32f0xx_tim.o(i.TIM_ICInit), (112 bytes).
    Removing stm32f0xx_tim.o(i.TIM_ICStructInit), (18 bytes).
    Removing stm32f0xx_tim.o(i.TIM_ITConfig), (20 bytes).
    Removing stm32f0xx_tim.o(i.TIM_ITRxExternalClockConfig), (24 bytes).
    Removing stm32f0xx_tim.o(i.TIM_InternalClockConfig), (16 bytes).
    Removing stm32f0xx_tim.o(i.TIM_OC1FastConfig), (24 bytes).
    Removing stm32f0xx_tim.o(i.TIM_OC1NPolarityConfig), (24 bytes).
    Removing stm32f0xx_tim.o(i.TIM_OC1PolarityConfig), (24 bytes).
    Removing stm32f0xx_tim.o(i.TIM_OC1PreloadConfig), (24 bytes).
    Removing stm32f0xx_tim.o(i.TIM_OC2FastConfig), (24 bytes).
    Removing stm32f0xx_tim.o(i.TIM_OC2NPolarityConfig), (24 bytes).
    Removing stm32f0xx_tim.o(i.TIM_OC2PolarityConfig), (24 bytes).
    Removing stm32f0xx_tim.o(i.TIM_OC2PreloadConfig), (24 bytes).
    Removing stm32f0xx_tim.o(i.TIM_OC3FastConfig), (24 bytes).
    Removing stm32f0xx_tim.o(i.TIM_OC3NPolarityConfig), (24 bytes).
    Removing stm32f0xx_tim.o(i.TIM_OC3PolarityConfig), (24 bytes).
    Removing stm32f0xx_tim.o(i.TIM_OC3PreloadConfig), (24 bytes).
    Removing stm32f0xx_tim.o(i.TIM_OC4FastConfig), (24 bytes).
    Removing stm32f0xx_tim.o(i.TIM_OC4PolarityConfig), (24 bytes).
    Removing stm32f0xx_tim.o(i.TIM_OC4PreloadConfig), (24 bytes).
    Removing stm32f0xx_tim.o(i.TIM_OCStructInit), (20 bytes).
    Removing stm32f0xx_tim.o(i.TIM_PWMIConfig), (124 bytes).
    Removing stm32f0xx_tim.o(i.TIM_PrescalerConfig), (6 bytes).
    Removing stm32f0xx_tim.o(i.TIM_RemapConfig), (6 bytes).
    Removing stm32f0xx_tim.o(i.TIM_SelectCCDMA), (28 bytes).
    Removing stm32f0xx_tim.o(i.TIM_SelectCOM), (28 bytes).
    Removing stm32f0xx_tim.o(i.TIM_SelectHallSensor), (28 bytes).
    Removing stm32f0xx_tim.o(i.TIM_SelectInputTrigger), (24 bytes).
    Removing stm32f0xx_tim.o(i.TIM_SelectMasterSlaveMode), (20 bytes).
    Removing stm32f0xx_tim.o(i.TIM_SelectOCREFClear), (20 bytes).
    Removing stm32f0xx_tim.o(i.TIM_SelectOCxM), (82 bytes).
    Removing stm32f0xx_tim.o(i.TIM_SelectOnePulseMode), (20 bytes).
    Removing stm32f0xx_tim.o(i.TIM_SelectOutputTrigger), (20 bytes).
    Removing stm32f0xx_tim.o(i.TIM_SelectSlaveMode), (20 bytes).
    Removing stm32f0xx_tim.o(i.TIM_SetAutoreload), (4 bytes).
    Removing stm32f0xx_tim.o(i.TIM_SetClockDivision), (20 bytes).
    Removing stm32f0xx_tim.o(i.TIM_SetCompare1), (4 bytes).
    Removing stm32f0xx_tim.o(i.TIM_SetCompare2), (4 bytes).
    Removing stm32f0xx_tim.o(i.TIM_SetCompare3), (4 bytes).
    Removing stm32f0xx_tim.o(i.TIM_SetCompare4), (4 bytes).
    Removing stm32f0xx_tim.o(i.TIM_SetCounter), (4 bytes).
    Removing stm32f0xx_tim.o(i.TIM_SetIC1Prescaler), (20 bytes).
    Removing stm32f0xx_tim.o(i.TIM_SetIC2Prescaler), (24 bytes).
    Removing stm32f0xx_tim.o(i.TIM_SetIC3Prescaler), (20 bytes).
    Removing stm32f0xx_tim.o(i.TIM_SetIC4Prescaler), (24 bytes).
    Removing stm32f0xx_tim.o(i.TIM_TIxExternalClockConfig), (58 bytes).
    Removing stm32f0xx_tim.o(i.TIM_TimeBaseStructInit), (18 bytes).
    Removing stm32f0xx_tim.o(i.TIM_UpdateDisableConfig), (28 bytes).
    Removing stm32f0xx_tim.o(i.TIM_UpdateRequestConfig), (28 bytes).
    Removing startup_stm32f0xx.o(HEAP), (512 bytes).
    Removing 5110.o(.rev16_text), (4 bytes).
    Removing 5110.o(.revsh_text), (4 bytes).
    Removing 5110.o(i.LCD_clear), (108 bytes).
    Removing 5110.o(i.LCD_write_char), (108 bytes).
    Removing mse5611.o(.rev16_text), (4 bytes).
    Removing mse5611.o(.revsh_text), (4 bytes).
    Removing mse5611.o(i.Single_Read_Pressure), (18 bytes).
    Removing mpu6050.o(.rev16_text), (4 bytes).
    Removing mpu6050.o(.revsh_text), (4 bytes).
    Removing hmc5983.o(.rev16_text), (4 bytes).
    Removing hmc5983.o(.revsh_text), (4 bytes).

247 unused section(s) (total 8683 bytes) removed from the image.

==============================================================================

Image Symbol Table

    Local Symbols

    Symbol Name                              Value     Ov Type        Size  Object(Section)

    ../clib/microlib/division.c              0x00000000   Number         0  uldiv.o ABSOLUTE
    ../clib/microlib/division.c              0x00000000   Number         0  uidiv.o ABSOLUTE
    ../clib/microlib/division.c              0x00000000   Number         0  idiv.o ABSOLUTE
    ../clib/microlib/errno.c                 0x00000000   Number         0  errno.o ABSOLUTE
    ../clib/microlib/init/entry.s            0x00000000   Number         0  entry10a.o ABSOLUTE
    ../clib/microlib/init/entry.s            0x00000000   Number         0  entry11a.o ABSOLUTE
    ../clib/microlib/init/entry.s            0x00000000   Number         0  entry9a.o ABSOLUTE
    ../clib/microlib/init/entry.s            0x00000000   Number         0  entry7b.o ABSOLUTE
    ../clib/microlib/init/entry.s            0x00000000   Number         0  entry10b.o ABSOLUTE
    ../clib/microlib/init/entry.s            0x00000000   Number         0  entry8a.o ABSOLUTE
    ../clib/microlib/init/entry.s            0x00000000   Number         0  entry8b.o ABSOLUTE
    ../clib/microlib/init/entry.s            0x00000000   Number         0  entry9b.o ABSOLUTE
    ../clib/microlib/init/entry.s            0x00000000   Number         0  entry7a.o ABSOLUTE
    ../clib/microlib/init/entry.s            0x00000000   Number         0  entry5.o ABSOLUTE
    ../clib/microlib/init/entry.s            0x00000000   Number         0  entry11b.o ABSOLUTE
    ../clib/microlib/init/entry.s            0x00000000   Number         0  entry2.o ABSOLUTE
    ../clib/microlib/init/entry.s            0x00000000   Number         0  entry.o ABSOLUTE
    ../clib/microlib/longlong.c              0x00000000   Number         0  llshl.o ABSOLUTE
    ../clib/microlib/longlong.c              0x00000000   Number         0  llsshr.o ABSOLUTE
    ../clib/microlib/longlong.c              0x00000000   Number         0  llushr.o ABSOLUTE
    ../clib/microlib/longlong.c              0x00000000   Number         0  llmul.o ABSOLUTE
    ../clib/microlib/printf/printf.c         0x00000000   Number         0  printf3.o ABSOLUTE
    ../clib/microlib/printf/printf.c         0x00000000   Number         0  printf2.o ABSOLUTE
    ../clib/microlib/printf/printf.c         0x00000000   Number         0  printf5.o ABSOLUTE
    ../clib/microlib/printf/printf.c         0x00000000   Number         0  printf0.o ABSOLUTE
    ../clib/microlib/printf/printf.c         0x00000000   Number         0  printf1.o ABSOLUTE
    ../clib/microlib/printf/printf.c         0x00000000   Number         0  printf8.o ABSOLUTE
    ../clib/microlib/printf/printf.c         0x00000000   Number         0  printfb.o ABSOLUTE
    ../clib/microlib/printf/printf.c         0x00000000   Number         0  printf7.o ABSOLUTE
    ../clib/microlib/printf/printf.c         0x00000000   Number         0  printf4.o ABSOLUTE
    ../clib/microlib/printf/printf.c         0x00000000   Number         0  printfa.o ABSOLUTE
    ../clib/microlib/printf/printf.c         0x00000000   Number         0  printf6.o ABSOLUTE
    ../clib/microlib/printf/stubs.s          0x00000000   Number         0  stubs.o ABSOLUTE
    ../clib/microlib/stdio/fputc.c           0x00000000   Number         0  fputc.o ABSOLUTE
    ../clib/microlib/stdio/semi.s            0x00000000   Number         0  semi.o ABSOLUTE
    ../clib/microlib/stdio/streams.c         0x00000000   Number         0  stdout.o ABSOLUTE
    ../clib/microlib/stubs.s                 0x00000000   Number         0  iusesemip.o ABSOLUTE
    ../clib/microlib/stubs.s                 0x00000000   Number         0  iusefp.o ABSOLUTE
    ../fplib/microlib/f2d.c                  0x00000000   Number         0  f2d.o ABSOLUTE
    ../fplib/microlib/fpadd.c                0x00000000   Number         0  dadd.o ABSOLUTE
    ../fplib/microlib/fpadd.c                0x00000000   Number         0  fadd.o ABSOLUTE
    ../fplib/microlib/fpdiv.c                0x00000000   Number         0  ddiv.o ABSOLUTE
    ../fplib/microlib/fpdiv.c                0x00000000   Number         0  fdiv.o ABSOLUTE
    ../fplib/microlib/fpepilogue.c           0x00000000   Number         0  fepilogue.o ABSOLUTE
    ../fplib/microlib/fpepilogue.c           0x00000000   Number         0  depilogue.o ABSOLUTE
    ../fplib/microlib/fpfix.c                0x00000000   Number         0  dfixul.o ABSOLUTE
    ../fplib/microlib/fpfix.c                0x00000000   Number         0  dfixui.o ABSOLUTE
    ../fplib/microlib/fpflt.c                0x00000000   Number         0  fflti.o ABSOLUTE
    ../fplib/microlib/fpflt.c                0x00000000   Number         0  dfltui.o ABSOLUTE
    ../fplib/microlib/fpmul.c                0x00000000   Number         0  fmul.o ABSOLUTE
    ../fplib/microlib/fpmul.c                0x00000000   Number         0  dmul.o ABSOLUTE
    ../fplib/microlib/fpscalb.c              0x00000000   Number         0  fscalb.o ABSOLUTE
    ../fplib/microlib/fpsqrt.c               0x00000000   Number         0  fsqrt.o ABSOLUTE
    ../mathlib/asinf.c                       0x00000000   Number         0  asinf.o ABSOLUTE
    ../mathlib/asinf.c                       0x00000000   Number         0  asinf_x.o ABSOLUTE
    ../mathlib/atan2f.c                      0x00000000   Number         0  atan2f_x.o ABSOLUTE
    ../mathlib/atan2f.c                      0x00000000   Number         0  atan2f.o ABSOLUTE
    ../mathlib/fpclassifyf.c                 0x00000000   Number         0  fpclassifyf.o ABSOLUTE
    ../mathlib/funder.c                      0x00000000   Number         0  funder.o ABSOLUTE
    ../mathlib/sqrtf.c                       0x00000000   Number         0  sqrtf_x.o ABSOLUTE
    ../mathlib/sqrtf.c                       0x00000000   Number         0  sqrtf.o ABSOLUTE
    CORE\startup_stm32f0xx.s                 0x00000000   Number         0  startup_stm32f0xx.o ABSOLUTE
    LIB\\src\\stm32f0xx_dma.c                0x00000000   Number         0  stm32f0xx_dma.o ABSOLUTE
    LIB\\src\\stm32f0xx_gpio.c               0x00000000   Number         0  stm32f0xx_gpio.o ABSOLUTE
    LIB\\src\\stm32f0xx_i2c.c                0x00000000   Number         0  stm32f0xx_i2c.o ABSOLUTE
    LIB\\src\\stm32f0xx_rcc.c                0x00000000   Number         0  stm32f0xx_rcc.o ABSOLUTE
    LIB\\src\\stm32f0xx_spi.c                0x00000000   Number         0  stm32f0xx_spi.o ABSOLUTE
    LIB\\src\\stm32f0xx_tim.c                0x00000000   Number         0  stm32f0xx_tim.o ABSOLUTE
    LIB\src\stm32f0xx_dma.c                  0x00000000   Number         0  stm32f0xx_dma.o ABSOLUTE
    LIB\src\stm32f0xx_gpio.c                 0x00000000   Number         0  stm32f0xx_gpio.o ABSOLUTE
    LIB\src\stm32f0xx_i2c.c                  0x00000000   Number         0  stm32f0xx_i2c.o ABSOLUTE
    LIB\src\stm32f0xx_rcc.c                  0x00000000   Number         0  stm32f0xx_rcc.o ABSOLUTE
    LIB\src\stm32f0xx_spi.c                  0x00000000   Number         0  stm32f0xx_spi.o ABSOLUTE
    LIB\src\stm32f0xx_tim.c                  0x00000000   Number         0  stm32f0xx_tim.o ABSOLUTE
    USR\5110.c                               0x00000000   Number         0  5110.o ABSOLUTE
    USR\BSP.c                                0x00000000   Number         0  bsp.o ABSOLUTE
    USR\HMC5983.c                            0x00000000   Number         0  hmc5983.o ABSOLUTE
    USR\I2C_Libary.c                         0x00000000   Number         0  i2c_libary.o ABSOLUTE
    USR\MPU6050.c                            0x00000000   Number         0  mpu6050.o ABSOLUTE
    USR\MSE5611.c                            0x00000000   Number         0  mse5611.o ABSOLUTE
    USR\MahonyAHRS.c                         0x00000000   Number         0  mahonyahrs.o ABSOLUTE
    USR\\5110.c                              0x00000000   Number         0  5110.o ABSOLUTE
    USR\\BSP.c                               0x00000000   Number         0  bsp.o ABSOLUTE
    USR\\HMC5983.c                           0x00000000   Number         0  hmc5983.o ABSOLUTE
    USR\\I2C_Libary.c                        0x00000000   Number         0  i2c_libary.o ABSOLUTE
    USR\\MPU6050.c                           0x00000000   Number         0  mpu6050.o ABSOLUTE
    USR\\MSE5611.c                           0x00000000   Number         0  mse5611.o ABSOLUTE
    USR\\main.c                              0x00000000   Number         0  main.o ABSOLUTE
    USR\\stm32f0xx_it.c                      0x00000000   Number         0  stm32f0xx_it.o ABSOLUTE
    USR\\system_stm32f0xx.c                  0x00000000   Number         0  system_stm32f0xx.o ABSOLUTE
    USR\main.c                               0x00000000   Number         0  main.o ABSOLUTE
    USR\stm32f0xx_it.c                       0x00000000   Number         0  stm32f0xx_it.o ABSOLUTE
    USR\system_stm32f0xx.c                   0x00000000   Number         0  system_stm32f0xx.o ABSOLUTE
    cdrcmple.s                               0x00000000   Number         0  cdrcmple.o ABSOLUTE
    cfcmple.s                                0x00000000   Number         0  cfcmple.o ABSOLUTE
    cfrcmple.s                               0x00000000   Number         0  cfrcmple.o ABSOLUTE
    dc.s                                     0x00000000   Number         0  dc.o ABSOLUTE
    handlers.s                               0x00000000   Number         0  handlers.o ABSOLUTE
    init.s                                   0x00000000   Number         0  init.o ABSOLUTE
    RESET                                    0x08000000   Section      192  startup_stm32f0xx.o(RESET)
    .ARM.Collect$$$$00000000                 0x080000c0   Section        0  entry.o(.ARM.Collect$$$$00000000)
    .ARM.Collect$$$$00000001                 0x080000c0   Section        4  entry2.o(.ARM.Collect$$$$00000001)
    .ARM.Collect$$$$00000004                 0x080000c4   Section        4  entry5.o(.ARM.Collect$$$$00000004)
    .ARM.Collect$$$$00000008                 0x080000c8   Section        0  entry7b.o(.ARM.Collect$$$$00000008)
    .ARM.Collect$$$$0000000A                 0x080000c8   Section        0  entry8b.o(.ARM.Collect$$$$0000000A)
    .ARM.Collect$$$$0000000B                 0x080000c8   Section        8  entry9a.o(.ARM.Collect$$$$0000000B)
    .ARM.Collect$$$$0000000D                 0x080000d0   Section        0  entry10a.o(.ARM.Collect$$$$0000000D)
    .ARM.Collect$$$$0000000F                 0x080000d0   Section        0  entry11a.o(.ARM.Collect$$$$0000000F)
    .ARM.Collect$$$$00002712                 0x080000d0   Section        4  entry2.o(.ARM.Collect$$$$00002712)
    __lit__00000000                          0x080000d0   Data           4  entry2.o(.ARM.Collect$$$$00002712)
    .text                                    0x080000d4   Section       88  startup_stm32f0xx.o(.text)
    .text                                    0x0800012c   Section        0  uidiv.o(.text)
    .text                                    0x08000158   Section        0  idiv.o(.text)
    .text                                    0x08000180   Section        0  llmul.o(.text)
    .text                                    0x080001fa   Section        0  fadd.o(.text)
    .text                                    0x080002ac   Section        0  fmul.o(.text)
    .text                                    0x08000326   Section        0  fdiv.o(.text)
    .text                                    0x080003a4   Section        0  dmul.o(.text)
    .text                                    0x08000474   Section        0  fflti.o(.text)
    .text                                    0x0800048c   Section        0  dfltui.o(.text)
    .text                                    0x080004a8   Section        0  dfixui.o(.text)
    .text                                    0x080004e4   Section        0  f2d.o(.text)
    .text                                    0x0800050c   Section       20  cfcmple.o(.text)
    .text                                    0x08000520   Section       20  cfrcmple.o(.text)
    .text                                    0x08000534   Section        0  uldiv.o(.text)
    .text                                    0x08000594   Section        0  llshl.o(.text)
    .text                                    0x080005b4   Section        0  llushr.o(.text)
    .text                                    0x080005d6   Section        0  iusefp.o(.text)
    .text                                    0x080005d6   Section        0  fepilogue.o(.text)
    .text                                    0x08000658   Section        0  fscalb.o(.text)
    .text                                    0x08000670   Section        0  fsqrt.o(.text)
    .text                                    0x080006c8   Section        0  depilogue.o(.text)
    .text                                    0x08000788   Section        0  dadd.o(.text)
    .text                                    0x080008ec   Section        0  ddiv.o(.text)
    .text                                    0x080009dc   Section        0  dfixul.o(.text)
    .text                                    0x08000a1c   Section       40  cdrcmple.o(.text)
    .text                                    0x08000a44   Section       36  init.o(.text)
    .text                                    0x08000a68   Section        0  llsshr.o(.text)
    i.Caculate                               0x08000a90   Section        0  mse5611.o(i.Caculate)
    i.GPIO_Init                              0x08000c44   Section        0  stm32f0xx_gpio.o(i.GPIO_Init)
    i.GPIO_PinAFConfig                       0x08000cd4   Section        0  stm32f0xx_gpio.o(i.GPIO_PinAFConfig)
    i.GPIO_ResetBits                         0x08000d18   Section        0  stm32f0xx_gpio.o(i.GPIO_ResetBits)
    i.GPIO_SetBits                           0x08000d1c   Section        0  stm32f0xx_gpio.o(i.GPIO_SetBits)
    i.HMC5983_Config                         0x08000d20   Section        0  hmc5983.o(i.HMC5983_Config)
    i.HMC5983_Read_Mag                       0x08000d3c   Section        0  hmc5983.o(i.HMC5983_Read_Mag)
    i.HMC5983_WriteByte                      0x08000d88   Section        0  hmc5983.o(i.HMC5983_WriteByte)
    i.HardFault_Handler                      0x08000df0   Section        0  stm32f0xx_it.o(i.HardFault_Handler)
    i.I2C_Cmd                                0x08000df4   Section        0  stm32f0xx_i2c.o(i.I2C_Cmd)
    i.I2C_GetFlagStatus                      0x08000e0c   Section        0  stm32f0xx_i2c.o(i.I2C_GetFlagStatus)
    i.I2C_Init                               0x08000e28   Section        0  stm32f0xx_i2c.o(i.I2C_Init)
    i.I2C_ReadBytes                          0x08000e94   Section        0  i2c_libary.o(i.I2C_ReadBytes)
    i.I2C_ReceiveData                        0x08000f34   Section        0  stm32f0xx_i2c.o(i.I2C_ReceiveData)
    i.I2C_SendData                           0x08000f3c   Section        0  stm32f0xx_i2c.o(i.I2C_SendData)
    i.I2C_TransferHandling                   0x08000f40   Section        0  stm32f0xx_i2c.o(i.I2C_TransferHandling)
    i.I2C_WriteByte                          0x08000f6c   Section        0  i2c_libary.o(i.I2C_WriteByte)
    i.I2C_WriteRegBytes                      0x08000fbc   Section        0  i2c_libary.o(i.I2C_WriteRegBytes)
    i.InitClock                              0x08001038   Section        0  bsp.o(i.InitClock)
    InitClock                                0x08001039   Thumb Code    56  bsp.o(i.InitClock)
    i.InitGPIO                               0x08001070   Section        0  bsp.o(i.InitGPIO)
    InitGPIO                                 0x08001071   Thumb Code   286  bsp.o(i.InitGPIO)
    i.InitI2C                                0x08001194   Section        0  bsp.o(i.InitI2C)
    InitI2C                                  0x08001195   Thumb Code    50  bsp.o(i.InitI2C)
    i.InitSPI                                0x080011d0   Section        0  bsp.o(i.InitSPI)
    InitSPI                                  0x080011d1   Thumb Code    74  bsp.o(i.InitSPI)
    i.InitSystem                             0x08001220   Section        0  bsp.o(i.InitSystem)
    i.LCD_E_Str                              0x0800124c   Section        0  5110.o(i.LCD_E_Str)
    i.LCD_Set_XY                             0x080012cc   Section        0  5110.o(i.LCD_Set_XY)
    i.LCD_init                               0x080012ec   Section        0  5110.o(i.LCD_init)
    i.LCD_write_byte                         0x08001380   Section        0  5110.o(i.LCD_write_byte)
    i.MPU6050_Config                         0x080013e0   Section        0  mpu6050.o(i.MPU6050_Config)
    i.MPU6050_GYO_Calibration                0x08001454   Section        0  mpu6050.o(i.MPU6050_GYO_Calibration)
    i.MPU6050_Read                           0x080014f0   Section        0  mpu6050.o(i.MPU6050_Read)
    i.MPU6050_TimerInit                      0x080015b4   Section        0  bsp.o(i.MPU6050_TimerInit)
    i.MSE5611_Config                         0x080015dc   Section        0  mse5611.o(i.MSE5611_Config)
    i.Mahony_Init                            0x080016a0   Section        0  mahonyahrs.o(i.Mahony_Init)
    i.Mahony_computeAngles                   0x0800170c   Section        0  mahonyahrs.o(i.Mahony_computeAngles)
    i.Mahony_invSqrt                         0x0800181c   Section        0  mahonyahrs.o(i.Mahony_invSqrt)
    i.Mahony_update                          0x08001888   Section        0  mahonyahrs.o(i.Mahony_update)
    i.NMI_Handler                            0x08001fb4   Section        0  stm32f0xx_it.o(i.NMI_Handler)
    i.PWM_Config                             0x08001fb8   Section        0  bsp.o(i.PWM_Config)
    i.PendSV_Handler                         0x08002118   Section        0  stm32f0xx_it.o(i.PendSV_Handler)
    i.RCC_AHBPeriphClockCmd                  0x0800211c   Section        0  stm32f0xx_rcc.o(i.RCC_AHBPeriphClockCmd)
    i.RCC_APB1PeriphClockCmd                 0x0800213c   Section        0  stm32f0xx_rcc.o(i.RCC_APB1PeriphClockCmd)
    i.RCC_APB2PeriphClockCmd                 0x0800215c   Section        0  stm32f0xx_rcc.o(i.RCC_APB2PeriphClockCmd)
    i.RCC_I2CCLKConfig                       0x0800217c   Section        0  stm32f0xx_rcc.o(i.RCC_I2CCLKConfig)
    i.ReadPressure                           0x08002198   Section        0  mse5611.o(i.ReadPressure)
    i.ReadPressure_Pre                       0x080021b8   Section        0  mse5611.o(i.ReadPressure_Pre)
    i.ReadTemp                               0x080021cc   Section        0  mse5611.o(i.ReadTemp)
    i.ReadTemp_Pre                           0x080021ec   Section        0  mse5611.o(i.ReadTemp_Pre)
    i.Reset_MSE5611                          0x08002200   Section        0  mse5611.o(i.Reset_MSE5611)
    i.SPI_Cmd                                0x08002218   Section        0  stm32f0xx_spi.o(i.SPI_Cmd)
    i.SPI_I2S_GetFlagStatus                  0x08002234   Section        0  stm32f0xx_spi.o(i.SPI_I2S_GetFlagStatus)
    i.SPI_Init                               0x08002248   Section        0  stm32f0xx_spi.o(i.SPI_Init)
    i.SPI_RxFIFOThresholdConfig              0x080022a0   Section        0  stm32f0xx_spi.o(i.SPI_RxFIFOThresholdConfig)
    i.SPI_SendData8                          0x080022b4   Section        0  stm32f0xx_spi.o(i.SPI_SendData8)
    i.SVC_Handler                            0x080022be   Section        0  stm32f0xx_it.o(i.SVC_Handler)
    i.Sensor_Read                            0x080022c0   Section        0  main.o(i.Sensor_Read)
    i.SetSysClock                            0x08002398   Section        0  system_stm32f0xx.o(i.SetSysClock)
    SetSysClock                              0x08002399   Thumb Code   206  system_stm32f0xx.o(i.SetSysClock)
    i.Single_Read_Temp                       0x08002470   Section        0  mse5611.o(i.Single_Read_Temp)
    i.SysTick_Handler                        0x08002482   Section        0  stm32f0xx_it.o(i.SysTick_Handler)
    i.SystemInit                             0x08002484   Section        0  system_stm32f0xx.o(i.SystemInit)
    i.TIM_Cmd                                0x08002500   Section        0  stm32f0xx_tim.o(i.TIM_Cmd)
    i.TIM_CtrlPWMOutputs                     0x0800251c   Section        0  stm32f0xx_tim.o(i.TIM_CtrlPWMOutputs)
    i.TIM_OC1Init                            0x08002540   Section        0  stm32f0xx_tim.o(i.TIM_OC1Init)
    i.TIM_OC2Init                            0x080025d4   Section        0  stm32f0xx_tim.o(i.TIM_OC2Init)
    i.TIM_OC3Init                            0x08002680   Section        0  stm32f0xx_tim.o(i.TIM_OC3Init)
    i.TIM_OC4Init                            0x08002718   Section        0  stm32f0xx_tim.o(i.TIM_OC4Init)
    i.TIM_TimeBaseInit                       0x08002788   Section        0  stm32f0xx_tim.o(i.TIM_TimeBaseInit)
    i.__0sprintf                             0x08002804   Section        0  printfa.o(i.__0sprintf)
    i.__ARM_clz                              0x0800282c   Section        0  depilogue.o(i.__ARM_clz)
    i.__ARM_fpclassifyf                      0x0800285a   Section        0  fpclassifyf.o(i.__ARM_fpclassifyf)
    i.__mathlib_flt_infnan                   0x0800287c   Section        0  funder.o(i.__mathlib_flt_infnan)
    i.__mathlib_flt_infnan2                  0x08002886   Section        0  funder.o(i.__mathlib_flt_infnan2)
    i.__mathlib_flt_invalid                  0x0800288e   Section        0  funder.o(i.__mathlib_flt_invalid)
    i.__mathlib_flt_underflow                0x0800289a   Section        0  funder.o(i.__mathlib_flt_underflow)
    i.__scatterload_copy                     0x080028a8   Section       14  handlers.o(i.__scatterload_copy)
    i.__scatterload_null                     0x080028b6   Section        2  handlers.o(i.__scatterload_null)
    i.__scatterload_zeroinit                 0x080028b8   Section       14  handlers.o(i.__scatterload_zeroinit)
    i.__set_errno                            0x080028c8   Section        0  errno.o(i.__set_errno)
    i._fp_digits                             0x080028d4   Section        0  printfa.o(i._fp_digits)
    _fp_digits                               0x080028d5   Thumb Code   316  printfa.o(i._fp_digits)
    i._printf_core                           0x08002a2c   Section        0  printfa.o(i._printf_core)
    _printf_core                             0x08002a2d   Thumb Code  1754  printfa.o(i._printf_core)
    i._printf_post_padding                   0x08003118   Section        0  printfa.o(i._printf_post_padding)
    _printf_post_padding                     0x08003119   Thumb Code    32  printfa.o(i._printf_post_padding)
    i._printf_pre_padding                    0x08003138   Section        0  printfa.o(i._printf_pre_padding)
    _printf_pre_padding                      0x08003139   Thumb Code    44  printfa.o(i._printf_pre_padding)
    i._sputc                                 0x08003164   Section        0  printfa.o(i._sputc)
    _sputc                                   0x08003165   Thumb Code    10  printfa.o(i._sputc)
    i.asinf                                  0x08003170   Section        0  asinf.o(i.asinf)
    i.atan2f                                 0x08003288   Section        0  atan2f.o(i.atan2f)
    i.delay_1us                              0x080034e4   Section        0  5110.o(i.delay_1us)
    i.delay_ms                               0x080034f0   Section        0  bsp.o(i.delay_ms)
    i.getPitch                               0x08003534   Section        0  mahonyahrs.o(i.getPitch)
    i.getRoll                                0x0800355c   Section        0  mahonyahrs.o(i.getRoll)
    i.getYaw                                 0x08003584   Section        0  mahonyahrs.o(i.getYaw)
    i.main                                   0x080035b8   Section        0  main.o(i.main)
    i.sqrtf                                  0x08003648   Section        0  sqrtf.o(i.sqrtf)
    .constdata                               0x08003674   Section      558  5110.o(.constdata)
    .data                                    0x20000000   Section        4  main.o(.data)
    .data                                    0x20000004   Section       20  system_stm32f0xx.o(.data)
    .data                                    0x20000018   Section       20  mse5611.o(.data)
    .data                                    0x2000002c   Section       12  mpu6050.o(.data)
    .data                                    0x20000038   Section        6  hmc5983.o(.data)
    .data                                    0x20000040   Section       49  mahonyahrs.o(.data)
    .data                                    0x20000074   Section        4  errno.o(.data)
    _errno                                   0x20000074   Data           4  errno.o(.data)
    .bss                                     0x20000078   Section       12  mse5611.o(.bss)
    .bss                                     0x20000084   Section       12  mpu6050.o(.bss)
    STACK                                    0x20000090   Section     1024  startup_stm32f0xx.o(STACK)

    Global Symbols

    Symbol Name                              Value     Ov Type        Size  Object(Section)

    BuildAttributes$$THM_ISAv3M$S$PE$A:L22$X:L11$S22$IEEE1$IW$USESV6$~STKCKD$USESV7$~SHL$OTIME$ROPI$IEEEX$EBA8$MICROLIB$REQ8$PRES8$EABIv2 0x00000000   Number         0  anon$$obj.o ABSOLUTE
    __ARM_use_no_argv                        0x00000000   Number         0  main.o ABSOLUTE
    _printf_a                                0x00000000   Number         0  stubs.o ABSOLUTE
    _printf_c                                0x00000000   Number         0  stubs.o ABSOLUTE
    _printf_charcount                        0x00000000   Number         0  stubs.o ABSOLUTE
    _printf_d                                0x00000000   Number         0  stubs.o ABSOLUTE
    _printf_e                                0x00000000   Number         0  stubs.o ABSOLUTE
    _printf_f                                0x00000000   Number         0  stubs.o ABSOLUTE
    _printf_flags                            0x00000000   Number         0  stubs.o ABSOLUTE
    _printf_fp_dec                           0x00000000   Number         0  stubs.o ABSOLUTE
    _printf_fp_hex                           0x00000000   Number         0  stubs.o ABSOLUTE
    _printf_g                                0x00000000   Number         0  stubs.o ABSOLUTE
    _printf_i                                0x00000000   Number         0  stubs.o ABSOLUTE
    _printf_int_dec                          0x00000000   Number         0  stubs.o ABSOLUTE
    _printf_l                                0x00000000   Number         0  stubs.o ABSOLUTE
    _printf_lc                               0x00000000   Number         0  stubs.o ABSOLUTE
    _printf_ll                               0x00000000   Number         0  stubs.o ABSOLUTE
    _printf_lld                              0x00000000   Number         0  stubs.o ABSOLUTE
    _printf_lli                              0x00000000   Number         0  stubs.o ABSOLUTE
    _printf_llo                              0x00000000   Number         0  stubs.o ABSOLUTE
    _printf_llu                              0x00000000   Number         0  stubs.o ABSOLUTE
    _printf_llx                              0x00000000   Number         0  stubs.o ABSOLUTE
    _printf_longlong_dec                     0x00000000   Number         0  stubs.o ABSOLUTE
    _printf_longlong_hex                     0x00000000   Number         0  stubs.o ABSOLUTE
    _printf_longlong_oct                     0x00000000   Number         0  stubs.o ABSOLUTE
    _printf_ls                               0x00000000   Number         0  stubs.o ABSOLUTE
    _printf_mbtowc                           0x00000000   Number         0  stubs.o ABSOLUTE
    _printf_n                                0x00000000   Number         0  stubs.o ABSOLUTE
    _printf_o                                0x00000000   Number         0  stubs.o ABSOLUTE
    _printf_p                                0x00000000   Number         0  stubs.o ABSOLUTE
    _printf_percent                          0x00000000   Number         0  stubs.o ABSOLUTE
    _printf_pre_padding                      0x00000000   Number         0  stubs.o ABSOLUTE
    _printf_return_value                     0x00000000   Number         0  stubs.o ABSOLUTE
    _printf_s                                0x00000000   Number         0  stubs.o ABSOLUTE
    _printf_sizespec                         0x00000000   Number         0  stubs.o ABSOLUTE
    _printf_str                              0x00000000   Number         0  stubs.o ABSOLUTE
    _printf_truncate_signed                  0x00000000   Number         0  stubs.o ABSOLUTE
    _printf_truncate_unsigned                0x00000000   Number         0  stubs.o ABSOLUTE
    _printf_u                                0x00000000   Number         0  stubs.o ABSOLUTE
    _printf_wc                               0x00000000   Number         0  stubs.o ABSOLUTE
    _printf_wctomb                           0x00000000   Number         0  stubs.o ABSOLUTE
    _printf_widthprec                        0x00000000   Number         0  stubs.o ABSOLUTE
    _printf_x                                0x00000000   Number         0  stubs.o ABSOLUTE
    __cpp_initialize__aeabi_                  - Undefined Weak Reference
    __cxa_finalize                            - Undefined Weak Reference
    __decompress                              - Undefined Weak Reference
    _clock_init                               - Undefined Weak Reference
    _microlib_exit                            - Undefined Weak Reference
    __Vectors_Size                           0x000000c0   Number         0  startup_stm32f0xx.o ABSOLUTE
    __Vectors                                0x08000000   Data           4  startup_stm32f0xx.o(RESET)
    __Vectors_End                            0x080000c0   Data           0  startup_stm32f0xx.o(RESET)
    __main                                   0x080000c1   Thumb Code     0  entry.o(.ARM.Collect$$$$00000000)
    _main_stk                                0x080000c1   Thumb Code     0  entry2.o(.ARM.Collect$$$$00000001)
    _main_scatterload                        0x080000c5   Thumb Code     0  entry5.o(.ARM.Collect$$$$00000004)
    __main_after_scatterload                 0x080000c9   Thumb Code     0  entry5.o(.ARM.Collect$$$$00000004)
    _main_clock                              0x080000c9   Thumb Code     0  entry7b.o(.ARM.Collect$$$$00000008)
    _main_cpp_init                           0x080000c9   Thumb Code     0  entry8b.o(.ARM.Collect$$$$0000000A)
    _main_init                               0x080000c9   Thumb Code     0  entry9a.o(.ARM.Collect$$$$0000000B)
    __rt_final_cpp                           0x080000d1   Thumb Code     0  entry10a.o(.ARM.Collect$$$$0000000D)
    __rt_final_exit                          0x080000d1   Thumb Code     0  entry11a.o(.ARM.Collect$$$$0000000F)
    Reset_Handler                            0x080000d5   Thumb Code    38  startup_stm32f0xx.o(.text)
    ADC1_COMP_IRQHandler                     0x08000105   Thumb Code     0  startup_stm32f0xx.o(.text)
    CEC_IRQHandler                           0x08000105   Thumb Code     0  startup_stm32f0xx.o(.text)
    DMA1_Channel1_IRQHandler                 0x08000105   Thumb Code     0  startup_stm32f0xx.o(.text)
    DMA1_Channel2_3_IRQHandler               0x08000105   Thumb Code     0  startup_stm32f0xx.o(.text)
    DMA1_Channel4_5_IRQHandler               0x08000105   Thumb Code     0  startup_stm32f0xx.o(.text)
    EXTI0_1_IRQHandler                       0x08000105   Thumb Code     0  startup_stm32f0xx.o(.text)
    EXTI2_3_IRQHandler                       0x08000105   Thumb Code     0  startup_stm32f0xx.o(.text)
    EXTI4_15_IRQHandler                      0x08000105   Thumb Code     0  startup_stm32f0xx.o(.text)
    FLASH_IRQHandler                         0x08000105   Thumb Code     0  startup_stm32f0xx.o(.text)
    I2C1_IRQHandler                          0x08000105   Thumb Code     0  startup_stm32f0xx.o(.text)
    I2C2_IRQHandler                          0x08000105   Thumb Code     0  startup_stm32f0xx.o(.text)
    PVD_IRQHandler                           0x08000105   Thumb Code     0  startup_stm32f0xx.o(.text)
    RCC_IRQHandler                           0x08000105   Thumb Code     0  startup_stm32f0xx.o(.text)
    RTC_IRQHandler                           0x08000105   Thumb Code     0  startup_stm32f0xx.o(.text)
    SPI1_IRQHandler                          0x08000105   Thumb Code     0  startup_stm32f0xx.o(.text)
    SPI2_IRQHandler                          0x08000105   Thumb Code     0  startup_stm32f0xx.o(.text)
    TIM14_IRQHandler                         0x08000105   Thumb Code     0  startup_stm32f0xx.o(.text)
    TIM15_IRQHandler                         0x08000105   Thumb Code     0  startup_stm32f0xx.o(.text)
    TIM16_IRQHandler                         0x08000105   Thumb Code     0  startup_stm32f0xx.o(.text)
    TIM17_IRQHandler                         0x08000105   Thumb Code     0  startup_stm32f0xx.o(.text)
    TIM1_BRK_UP_TRG_COM_IRQHandler           0x08000105   Thumb Code     0  startup_stm32f0xx.o(.text)
    TIM1_CC_IRQHandler                       0x08000105   Thumb Code     0  startup_stm32f0xx.o(.text)
    TIM2_IRQHandler                          0x08000105   Thumb Code     0  startup_stm32f0xx.o(.text)
    TIM3_IRQHandler                          0x08000105   Thumb Code     0  startup_stm32f0xx.o(.text)
    TIM6_DAC_IRQHandler                      0x08000105   Thumb Code     0  startup_stm32f0xx.o(.text)
    TS_IRQHandler                            0x08000105   Thumb Code     0  startup_stm32f0xx.o(.text)
    USART1_IRQHandler                        0x08000105   Thumb Code     0  startup_stm32f0xx.o(.text)
    USART2_IRQHandler                        0x08000105   Thumb Code     0  startup_stm32f0xx.o(.text)
    WWDG_IRQHandler                          0x08000105   Thumb Code     0  startup_stm32f0xx.o(.text)
    __aeabi_uidiv                            0x0800012d   Thumb Code     0  uidiv.o(.text)
    __aeabi_uidivmod                         0x0800012d   Thumb Code    44  uidiv.o(.text)
    __aeabi_idiv                             0x08000159   Thumb Code     0  idiv.o(.text)
    __aeabi_idivmod                          0x08000159   Thumb Code    40  idiv.o(.text)
    __aeabi_lmul                             0x08000181   Thumb Code   122  llmul.o(.text)
    _ll_mul                                  0x08000181   Thumb Code     0  llmul.o(.text)
    __aeabi_fadd                             0x080001fb   Thumb Code   162  fadd.o(.text)
    __aeabi_fsub                             0x0800029d   Thumb Code     8  fadd.o(.text)
    __aeabi_frsub                            0x080002a5   Thumb Code     8  fadd.o(.text)
    __aeabi_fmul                             0x080002ad   Thumb Code   122  fmul.o(.text)
    __aeabi_fdiv                             0x08000327   Thumb Code   124  fdiv.o(.text)
    __aeabi_dmul                             0x080003a5   Thumb Code   202  dmul.o(.text)
    __aeabi_i2f                              0x08000475   Thumb Code    22  fflti.o(.text)
    __aeabi_ui2d                             0x0800048d   Thumb Code    24  dfltui.o(.text)
    __aeabi_d2uiz                            0x080004a9   Thumb Code    50  dfixui.o(.text)
    __aeabi_f2d                              0x080004e5   Thumb Code    40  f2d.o(.text)
    __aeabi_cfcmpeq                          0x0800050d   Thumb Code     0  cfcmple.o(.text)
    __aeabi_cfcmple                          0x0800050d   Thumb Code    20  cfcmple.o(.text)
    __aeabi_cfrcmple                         0x08000521   Thumb Code    20  cfrcmple.o(.text)
    __aeabi_uldivmod                         0x08000535   Thumb Code    96  uldiv.o(.text)
    __aeabi_llsl                             0x08000595   Thumb Code    32  llshl.o(.text)
    _ll_shift_l                              0x08000595   Thumb Code     0  llshl.o(.text)
    __aeabi_llsr                             0x080005b5   Thumb Code    34  llushr.o(.text)
    _ll_ushift_r                             0x080005b5   Thumb Code     0  llushr.o(.text)
    __I$use$fp                               0x080005d7   Thumb Code     0  iusefp.o(.text)
    _float_round                             0x080005d7   Thumb Code    16  fepilogue.o(.text)
    _float_epilogue                          0x080005e7   Thumb Code   114  fepilogue.o(.text)
    __ARM_scalbnf                            0x08000659   Thumb Code    24  fscalb.o(.text)
    scalbnf                                  0x08000659   Thumb Code     0  fscalb.o(.text)
    _fsqrt                                   0x08000671   Thumb Code    88  fsqrt.o(.text)
    _double_round                            0x080006c9   Thumb Code    26  depilogue.o(.text)
    _double_epilogue                         0x080006e3   Thumb Code   164  depilogue.o(.text)
    __aeabi_dadd                             0x08000789   Thumb Code   328  dadd.o(.text)
    __aeabi_dsub                             0x080008d1   Thumb Code    12  dadd.o(.text)
    __aeabi_drsub                            0x080008dd   Thumb Code    12  dadd.o(.text)
    __aeabi_ddiv                             0x080008ed   Thumb Code   234  ddiv.o(.text)
    __aeabi_d2ulz                            0x080009dd   Thumb Code    54  dfixul.o(.text)
    __aeabi_cdrcmple                         0x08000a1d   Thumb Code    38  cdrcmple.o(.text)
    __scatterload                            0x08000a45   Thumb Code    28  init.o(.text)
    __scatterload_rt2                        0x08000a45   Thumb Code     0  init.o(.text)
    __aeabi_lasr                             0x08000a69   Thumb Code    38  llsshr.o(.text)
    _ll_sshift_r                             0x08000a69   Thumb Code     0  llsshr.o(.text)
    Caculate                                 0x08000a91   Thumb Code   412  mse5611.o(i.Caculate)
    GPIO_Init                                0x08000c45   Thumb Code   144  stm32f0xx_gpio.o(i.GPIO_Init)
    GPIO_PinAFConfig                         0x08000cd5   Thumb Code    68  stm32f0xx_gpio.o(i.GPIO_PinAFConfig)
    GPIO_ResetBits                           0x08000d19   Thumb Code     4  stm32f0xx_gpio.o(i.GPIO_ResetBits)
    GPIO_SetBits                             0x08000d1d   Thumb Code     4  stm32f0xx_gpio.o(i.GPIO_SetBits)
    HMC5983_Config                           0x08000d21   Thumb Code    28  hmc5983.o(i.HMC5983_Config)
    HMC5983_Read_Mag                         0x08000d3d   Thumb Code    68  hmc5983.o(i.HMC5983_Read_Mag)
    HMC5983_WriteByte                        0x08000d89   Thumb Code   100  hmc5983.o(i.HMC5983_WriteByte)
    HardFault_Handler                        0x08000df1   Thumb Code     4  stm32f0xx_it.o(i.HardFault_Handler)
    I2C_Cmd                                  0x08000df5   Thumb Code    24  stm32f0xx_i2c.o(i.I2C_Cmd)
    I2C_GetFlagStatus                        0x08000e0d   Thumb Code    28  stm32f0xx_i2c.o(i.I2C_GetFlagStatus)
    I2C_Init                                 0x08000e29   Thumb Code    98  stm32f0xx_i2c.o(i.I2C_Init)
    I2C_ReadBytes                            0x08000e95   Thumb Code   160  i2c_libary.o(i.I2C_ReadBytes)
    I2C_ReceiveData                          0x08000f35   Thumb Code     8  stm32f0xx_i2c.o(i.I2C_ReceiveData)
    I2C_SendData                             0x08000f3d   Thumb Code     4  stm32f0xx_i2c.o(i.I2C_SendData)
    I2C_TransferHandling                     0x08000f41   Thumb Code    38  stm32f0xx_i2c.o(i.I2C_TransferHandling)
    I2C_WriteByte                            0x08000f6d   Thumb Code    80  i2c_libary.o(i.I2C_WriteByte)
    I2C_WriteRegBytes                        0x08000fbd   Thumb Code   124  i2c_libary.o(i.I2C_WriteRegBytes)
    InitSystem                               0x08001221   Thumb Code    44  bsp.o(i.InitSystem)
    LCD_E_Str                                0x0800124d   Thumb Code   120  5110.o(i.LCD_E_Str)
    LCD_Set_XY                               0x080012cd   Thumb Code    32  5110.o(i.LCD_Set_XY)
    LCD_init                                 0x080012ed   Thumb Code   138  5110.o(i.LCD_init)
    LCD_write_byte                           0x08001381   Thumb Code    90  5110.o(i.LCD_write_byte)
    MPU6050_Config                           0x080013e1   Thumb Code   110  mpu6050.o(i.MPU6050_Config)
    MPU6050_GYO_Calibration                  0x08001455   Thumb Code   144  mpu6050.o(i.MPU6050_GYO_Calibration)
    MPU6050_Read                             0x080014f1   Thumb Code   180  mpu6050.o(i.MPU6050_Read)
    MPU6050_TimerInit                        0x080015b5   Thumb Code    30  bsp.o(i.MPU6050_TimerInit)
    MSE5611_Config                           0x080015dd   Thumb Code   178  mse5611.o(i.MSE5611_Config)
    Mahony_Init                              0x080016a1   Thumb Code    64  mahonyahrs.o(i.Mahony_Init)
    Mahony_computeAngles                     0x0800170d   Thumb Code   240  mahonyahrs.o(i.Mahony_computeAngles)
    Mahony_invSqrt                           0x0800181d   Thumb Code   104  mahonyahrs.o(i.Mahony_invSqrt)
    Mahony_update                            0x08001889   Thumb Code  1790  mahonyahrs.o(i.Mahony_update)
    NMI_Handler                              0x08001fb5   Thumb Code     2  stm32f0xx_it.o(i.NMI_Handler)
    PWM_Config                               0x08001fb9   Thumb Code   316  bsp.o(i.PWM_Config)
    PendSV_Handler                           0x08002119   Thumb Code     2  stm32f0xx_it.o(i.PendSV_Handler)
    RCC_AHBPeriphClockCmd                    0x0800211d   Thumb Code    28  stm32f0xx_rcc.o(i.RCC_AHBPeriphClockCmd)
    RCC_APB1PeriphClockCmd                   0x0800213d   Thumb Code    28  stm32f0xx_rcc.o(i.RCC_APB1PeriphClockCmd)
    RCC_APB2PeriphClockCmd                   0x0800215d   Thumb Code    28  stm32f0xx_rcc.o(i.RCC_APB2PeriphClockCmd)
    RCC_I2CCLKConfig                         0x0800217d   Thumb Code    22  stm32f0xx_rcc.o(i.RCC_I2CCLKConfig)
    ReadPressure                             0x08002199   Thumb Code    24  mse5611.o(i.ReadPressure)
    ReadPressure_Pre                         0x080021b9   Thumb Code    14  mse5611.o(i.ReadPressure_Pre)
    ReadTemp                                 0x080021cd   Thumb Code    24  mse5611.o(i.ReadTemp)
    ReadTemp_Pre                             0x080021ed   Thumb Code    14  mse5611.o(i.ReadTemp_Pre)
    Reset_MSE5611                            0x08002201   Thumb Code    20  mse5611.o(i.Reset_MSE5611)
    SPI_Cmd                                  0x08002219   Thumb Code    24  stm32f0xx_spi.o(i.SPI_Cmd)
    SPI_I2S_GetFlagStatus                    0x08002235   Thumb Code    20  stm32f0xx_spi.o(i.SPI_I2S_GetFlagStatus)
    SPI_Init                                 0x08002249   Thumb Code    76  stm32f0xx_spi.o(i.SPI_Init)
    SPI_RxFIFOThresholdConfig                0x080022a1   Thumb Code    16  stm32f0xx_spi.o(i.SPI_RxFIFOThresholdConfig)
    SPI_SendData8                            0x080022b5   Thumb Code    10  stm32f0xx_spi.o(i.SPI_SendData8)
    SVC_Handler                              0x080022bf   Thumb Code     2  stm32f0xx_it.o(i.SVC_Handler)
    Sensor_Read                              0x080022c1   Thumb Code   200  main.o(i.Sensor_Read)
    Single_Read_Temp                         0x08002471   Thumb Code    18  mse5611.o(i.Single_Read_Temp)
    SysTick_Handler                          0x08002483   Thumb Code     2  stm32f0xx_it.o(i.SysTick_Handler)
    SystemInit                               0x08002485   Thumb Code   110  system_stm32f0xx.o(i.SystemInit)
    TIM_Cmd                                  0x08002501   Thumb Code    24  stm32f0xx_tim.o(i.TIM_Cmd)
    TIM_CtrlPWMOutputs                       0x0800251d   Thumb Code    34  stm32f0xx_tim.o(i.TIM_CtrlPWMOutputs)
    TIM_OC1Init                              0x08002541   Thumb Code   122  stm32f0xx_tim.o(i.TIM_OC1Init)
    TIM_OC2Init                              0x080025d5   Thumb Code   142  stm32f0xx_tim.o(i.TIM_OC2Init)
    TIM_OC3Init                              0x08002681   Thumb Code   124  stm32f0xx_tim.o(i.TIM_OC3Init)
    TIM_OC4Init                              0x08002719   Thumb Code    88  stm32f0xx_tim.o(i.TIM_OC4Init)
    TIM_TimeBaseInit                         0x08002789   Thumb Code    90  stm32f0xx_tim.o(i.TIM_TimeBaseInit)
    __0sprintf                               0x08002805   Thumb Code    36  printfa.o(i.__0sprintf)
    __1sprintf                               0x08002805   Thumb Code     0  printfa.o(i.__0sprintf)
    __2sprintf                               0x08002805   Thumb Code     0  printfa.o(i.__0sprintf)
    __c89sprintf                             0x08002805   Thumb Code     0  printfa.o(i.__0sprintf)
    sprintf                                  0x08002805   Thumb Code     0  printfa.o(i.__0sprintf)
    __ARM_clz                                0x0800282d   Thumb Code    46  depilogue.o(i.__ARM_clz)
    __ARM_fpclassifyf                        0x0800285b   Thumb Code    34  fpclassifyf.o(i.__ARM_fpclassifyf)
    __mathlib_flt_infnan                     0x0800287d   Thumb Code    10  funder.o(i.__mathlib_flt_infnan)
    __mathlib_flt_infnan2                    0x08002887   Thumb Code     8  funder.o(i.__mathlib_flt_infnan2)
    __mathlib_flt_invalid                    0x0800288f   Thumb Code    12  funder.o(i.__mathlib_flt_invalid)
    __mathlib_flt_underflow                  0x0800289b   Thumb Code    14  funder.o(i.__mathlib_flt_underflow)
    __scatterload_copy                       0x080028a9   Thumb Code    14  handlers.o(i.__scatterload_copy)
    __scatterload_null                       0x080028b7   Thumb Code     2  handlers.o(i.__scatterload_null)
    __scatterload_zeroinit                   0x080028b9   Thumb Code    14  handlers.o(i.__scatterload_zeroinit)
    __set_errno                              0x080028c9   Thumb Code     6  errno.o(i.__set_errno)
    asinf                                    0x08003171   Thumb Code   242  asinf.o(i.asinf)
    atan2f                                   0x08003289   Thumb Code   526  atan2f.o(i.atan2f)
    delay_1us                                0x080034e5   Thumb Code    12  5110.o(i.delay_1us)
    delay_ms                                 0x080034f1   Thumb Code    62  bsp.o(i.delay_ms)
    getPitch                                 0x08003535   Thumb Code    26  mahonyahrs.o(i.getPitch)
    getRoll                                  0x0800355d   Thumb Code    26  mahonyahrs.o(i.getRoll)
    getYaw                                   0x08003585   Thumb Code    34  mahonyahrs.o(i.getYaw)
    main                                     0x080035b9   Thumb Code   132  main.o(i.main)
    sqrtf                                    0x08003649   Thumb Code    44  sqrtf.o(i.sqrtf)
    LCD_Config                               0x08003674   Data           6  5110.o(.constdata)
    font6x8                                  0x0800367a   Data         552  5110.o(.constdata)
    Region$$Table$$Base                      0x080038a4   Number         0  anon$$obj.o(Region$$Table)
    Region$$Table$$Limit                     0x080038c4   Number         0  anon$$obj.o(Region$$Table)
    Factor                                   0x20000000   Data           4  main.o(.data)
    SystemCoreClock                          0x20000004   Data           4  system_stm32f0xx.o(.data)
    AHBPrescTable                            0x20000008   Data          16  system_stm32f0xx.o(.data)
    Reserve                                  0x20000018   Data           2  mse5611.o(.data)
    MSE5611_CRC                              0x2000001a   Data           2  mse5611.o(.data)
    D                                        0x2000001c   Data           8  mse5611.o(.data)
    Temp                                     0x20000024   Data           4  mse5611.o(.data)
    P                                        0x20000028   Data           4  mse5611.o(.data)
    Acc                                      0x2000002c   Data           6  mpu6050.o(.data)
    GYO                                      0x20000032   Data           6  mpu6050.o(.data)
    Mag                                      0x20000038   Data           6  hmc5983.o(.data)
    twoKi                                    0x20000040   Data           4  mahonyahrs.o(.data)
    q0                                       0x20000044   Data           4  mahonyahrs.o(.data)
    q1                                       0x20000048   Data           4  mahonyahrs.o(.data)
    q2                                       0x2000004c   Data           4  mahonyahrs.o(.data)
    q3                                       0x20000050   Data           4  mahonyahrs.o(.data)
    integralFBx                              0x20000054   Data           4  mahonyahrs.o(.data)
    integralFBy                              0x20000058   Data           4  mahonyahrs.o(.data)
    integralFBz                              0x2000005c   Data           4  mahonyahrs.o(.data)
    invSampleFreq                            0x20000060   Data           4  mahonyahrs.o(.data)
    roll                                     0x20000064   Data           4  mahonyahrs.o(.data)
    pitch                                    0x20000068   Data           4  mahonyahrs.o(.data)
    yaw                                      0x2000006c   Data           4  mahonyahrs.o(.data)
    anglesComputed                           0x20000070   Data           1  mahonyahrs.o(.data)
    C                                        0x20000078   Data          12  mse5611.o(.bss)
    Gyo_Offset                               0x20000084   Data          12  mpu6050.o(.bss)
    __initial_sp                             0x20000490   Data           0  startup_stm32f0xx.o(STACK)



==============================================================================

Memory Map of the image

  Image Entry point : 0x080000c1

  Load Region LR_IROM1 (Base: 0x08000000, Size: 0x0000393c, Max: 0x00010000, ABSOLUTE)

    Execution Region ER_IROM1 (Base: 0x08000000, Size: 0x000038c4, Max: 0x00010000, ABSOLUTE)

    Base Addr    Size         Type   Attr      Idx    E Section Name        Object

    0x08000000   0x000000c0   Data   RO         1789    RESET               startup_stm32f0xx.o
    0x080000c0   0x00000000   Code   RO         2092  * .ARM.Collect$$$$00000000  mc_p.l(entry.o)
    0x080000c0   0x00000004   Code   RO         2398    .ARM.Collect$$$$00000001  mc_p.l(entry2.o)
    0x080000c4   0x00000004   Code   RO         2401    .ARM.Collect$$$$00000004  mc_p.l(entry5.o)
    0x080000c8   0x00000000   Code   RO         2403    .ARM.Collect$$$$00000008  mc_p.l(entry7b.o)
    0x080000c8   0x00000000   Code   RO         2405    .ARM.Collect$$$$0000000A  mc_p.l(entry8b.o)
    0x080000c8   0x00000008   Code   RO         2406    .ARM.Collect$$$$0000000B  mc_p.l(entry9a.o)
    0x080000d0   0x00000000   Code   RO         2408    .ARM.Collect$$$$0000000D  mc_p.l(entry10a.o)
    0x080000d0   0x00000000   Code   RO         2410    .ARM.Collect$$$$0000000F  mc_p.l(entry11a.o)
    0x080000d0   0x00000004   Code   RO         2399    .ARM.Collect$$$$00002712  mc_p.l(entry2.o)
    0x080000d4   0x00000058   Code   RO         1790    .text               startup_stm32f0xx.o
    0x0800012c   0x0000002c   Code   RO         2095    .text               mc_p.l(uidiv.o)
    0x08000158   0x00000028   Code   RO         2097    .text               mc_p.l(idiv.o)
    0x08000180   0x0000007a   Code   RO         2099    .text               mc_p.l(llmul.o)
    0x080001fa   0x000000b2   Code   RO         2362    .text               mf_p.l(fadd.o)
    0x080002ac   0x0000007a   Code   RO         2364    .text               mf_p.l(fmul.o)
    0x08000326   0x0000007c   Code   RO         2366    .text               mf_p.l(fdiv.o)
    0x080003a2   0x00000002   PAD
    0x080003a4   0x000000d0   Code   RO         2368    .text               mf_p.l(dmul.o)
    0x08000474   0x00000016   Code   RO         2370    .text               mf_p.l(fflti.o)
    0x0800048a   0x00000002   PAD
    0x0800048c   0x0000001c   Code   RO         2372    .text               mf_p.l(dfltui.o)
    0x080004a8   0x0000003c   Code   RO         2374    .text               mf_p.l(dfixui.o)
    0x080004e4   0x00000028   Code   RO         2376    .text               mf_p.l(f2d.o)
    0x0800050c   0x00000014   Code   RO         2378    .text               mf_p.l(cfcmple.o)
    0x08000520   0x00000014   Code   RO         2380    .text               mf_p.l(cfrcmple.o)
    0x08000534   0x00000060   Code   RO         2415    .text               mc_p.l(uldiv.o)
    0x08000594   0x00000020   Code   RO         2417    .text               mc_p.l(llshl.o)
    0x080005b4   0x00000022   Code   RO         2419    .text               mc_p.l(llushr.o)
    0x080005d6   0x00000000   Code   RO         2428    .text               mc_p.l(iusefp.o)
    0x080005d6   0x00000082   Code   RO         2429    .text               mf_p.l(fepilogue.o)
    0x08000658   0x00000018   Code   RO         2431    .text               mf_p.l(fscalb.o)
    0x08000670   0x00000058   Code   RO         2433    .text               mf_p.l(fsqrt.o)
    0x080006c8   0x000000be   Code   RO         2435    .text               mf_p.l(depilogue.o)
    0x08000786   0x00000002   PAD
    0x08000788   0x00000164   Code   RO         2439    .text               mf_p.l(dadd.o)
    0x080008ec   0x000000f0   Code   RO         2441    .text               mf_p.l(ddiv.o)
    0x080009dc   0x00000040   Code   RO         2443    .text               mf_p.l(dfixul.o)
    0x08000a1c   0x00000028   Code   RO         2445    .text               mf_p.l(cdrcmple.o)
    0x08000a44   0x00000024   Code   RO         2447    .text               mc_p.l(init.o)
    0x08000a68   0x00000026   Code   RO         2450    .text               mc_p.l(llsshr.o)
    0x08000a8e   0x00000002   PAD
    0x08000a90   0x000001b4   Code   RO         1864    i.Caculate          mse5611.o
    0x08000c44   0x00000090   Code   RO          316    i.GPIO_Init         stm32f0xx_gpio.o
    0x08000cd4   0x00000044   Code   RO          317    i.GPIO_PinAFConfig  stm32f0xx_gpio.o
    0x08000d18   0x00000004   Code   RO          323    i.GPIO_ResetBits    stm32f0xx_gpio.o
    0x08000d1c   0x00000004   Code   RO          324    i.GPIO_SetBits      stm32f0xx_gpio.o
    0x08000d20   0x0000001c   Code   RO         1978    i.HMC5983_Config    hmc5983.o
    0x08000d3c   0x0000004c   Code   RO         1979    i.HMC5983_Read_Mag  hmc5983.o
    0x08000d88   0x00000068   Code   RO         1980    i.HMC5983_WriteByte  hmc5983.o
    0x08000df0   0x00000004   Code   RO          108    i.HardFault_Handler  stm32f0xx_it.o
    0x08000df4   0x00000018   Code   RO          763    i.I2C_Cmd           stm32f0xx_i2c.o
    0x08000e0c   0x0000001c   Code   RO          772    i.I2C_GetFlagStatus  stm32f0xx_i2c.o
    0x08000e28   0x0000006c   Code   RO          778    i.I2C_Init          stm32f0xx_i2c.o
    0x08000e94   0x000000a0   Code   RO          274    i.I2C_ReadBytes     i2c_libary.o
    0x08000f34   0x00000008   Code   RO          784    i.I2C_ReceiveData   stm32f0xx_i2c.o
    0x08000f3c   0x00000004   Code   RO          787    i.I2C_SendData      stm32f0xx_i2c.o
    0x08000f40   0x0000002c   Code   RO          796    i.I2C_TransferHandling  stm32f0xx_i2c.o
    0x08000f6c   0x00000050   Code   RO          275    i.I2C_WriteByte     i2c_libary.o
    0x08000fbc   0x0000007c   Code   RO          276    i.I2C_WriteRegBytes  i2c_libary.o
    0x08001038   0x00000038   Code   RO          193    i.InitClock         bsp.o
    0x08001070   0x00000124   Code   RO          194    i.InitGPIO          bsp.o
    0x08001194   0x0000003c   Code   RO          195    i.InitI2C           bsp.o
    0x080011d0   0x00000050   Code   RO          196    i.InitSPI           bsp.o
    0x08001220   0x0000002c   Code   RO          197    i.InitSystem        bsp.o
    0x0800124c   0x00000080   Code   RO         1796    i.LCD_E_Str         5110.o
    0x080012cc   0x00000020   Code   RO         1797    i.LCD_Set_XY        5110.o
    0x080012ec   0x00000094   Code   RO         1799    i.LCD_init          5110.o
    0x08001380   0x00000060   Code   RO         1800    i.LCD_write_byte    5110.o
    0x080013e0   0x00000074   Code   RO         1939    i.MPU6050_Config    mpu6050.o
    0x08001454   0x0000009c   Code   RO         1940    i.MPU6050_GYO_Calibration  mpu6050.o
    0x080014f0   0x000000c4   Code   RO         1941    i.MPU6050_Read      mpu6050.o
    0x080015b4   0x00000028   Code   RO          198    i.MPU6050_TimerInit  bsp.o
    0x080015dc   0x000000c4   Code   RO         1865    i.MSE5611_Config    mse5611.o
    0x080016a0   0x0000006c   Code   RO         2014    i.Mahony_Init       mahonyahrs.o
    0x0800170c   0x00000110   Code   RO         2015    i.Mahony_computeAngles  mahonyahrs.o
    0x0800181c   0x0000006c   Code   RO         2016    i.Mahony_invSqrt    mahonyahrs.o
    0x08001888   0x0000072c   Code   RO         2017    i.Mahony_update     mahonyahrs.o
    0x08001fb4   0x00000002   Code   RO          109    i.NMI_Handler       stm32f0xx_it.o
    0x08001fb6   0x00000002   PAD
    0x08001fb8   0x00000160   Code   RO          200    i.PWM_Config        bsp.o
    0x08002118   0x00000002   Code   RO          110    i.PendSV_Handler    stm32f0xx_it.o
    0x0800211a   0x00000002   PAD
    0x0800211c   0x00000020   Code   RO          408    i.RCC_AHBPeriphClockCmd  stm32f0xx_rcc.o
    0x0800213c   0x00000020   Code   RO          410    i.RCC_APB1PeriphClockCmd  stm32f0xx_rcc.o
    0x0800215c   0x00000020   Code   RO          412    i.RCC_APB2PeriphClockCmd  stm32f0xx_rcc.o
    0x0800217c   0x0000001c   Code   RO          432    i.RCC_I2CCLKConfig  stm32f0xx_rcc.o
    0x08002198   0x00000020   Code   RO         1866    i.ReadPressure      mse5611.o
    0x080021b8   0x00000014   Code   RO         1867    i.ReadPressure_Pre  mse5611.o
    0x080021cc   0x00000020   Code   RO         1868    i.ReadTemp          mse5611.o
    0x080021ec   0x00000014   Code   RO         1869    i.ReadTemp_Pre      mse5611.o
    0x08002200   0x00000018   Code   RO         1870    i.Reset_MSE5611     mse5611.o
    0x08002218   0x0000001c   Code   RO         1027    i.SPI_Cmd           stm32f0xx_spi.o
    0x08002234   0x00000014   Code   RO         1036    i.SPI_I2S_GetFlagStatus  stm32f0xx_spi.o
    0x08002248   0x00000058   Code   RO         1041    i.SPI_Init          stm32f0xx_spi.o
    0x080022a0   0x00000014   Code   RO         1046    i.SPI_RxFIFOThresholdConfig  stm32f0xx_spi.o
    0x080022b4   0x0000000a   Code   RO         1048    i.SPI_SendData8     stm32f0xx_spi.o
    0x080022be   0x00000002   Code   RO          111    i.SVC_Handler       stm32f0xx_it.o
    0x080022c0   0x000000d8   Code   RO            3    i.Sensor_Read       main.o
    0x08002398   0x000000d8   Code   RO          155    i.SetSysClock       system_stm32f0xx.o
    0x08002470   0x00000012   Code   RO         1872    i.Single_Read_Temp  mse5611.o
    0x08002482   0x00000002   Code   RO          112    i.SysTick_Handler   stm32f0xx_it.o
    0x08002484   0x0000007c   Code   RO          157    i.SystemInit        system_stm32f0xx.o
    0x08002500   0x0000001c   Code   RO         1237    i.TIM_Cmd           stm32f0xx_tim.o
    0x0800251c   0x00000022   Code   RO         1239    i.TIM_CtrlPWMOutputs  stm32f0xx_tim.o
    0x0800253e   0x00000002   PAD
    0x08002540   0x00000094   Code   RO         1266    i.TIM_OC1Init       stm32f0xx_tim.o
    0x080025d4   0x000000ac   Code   RO         1271    i.TIM_OC2Init       stm32f0xx_tim.o
    0x08002680   0x00000098   Code   RO         1276    i.TIM_OC3Init       stm32f0xx_tim.o
    0x08002718   0x00000070   Code   RO         1281    i.TIM_OC4Init       stm32f0xx_tim.o
    0x08002788   0x0000007c   Code   RO         1310    i.TIM_TimeBaseInit  stm32f0xx_tim.o
    0x08002804   0x00000028   Code   RO         2336    i.__0sprintf        mc_p.l(printfa.o)
    0x0800282c   0x0000002e   Code   RO         2437    i.__ARM_clz         mf_p.l(depilogue.o)
    0x0800285a   0x00000022   Code   RO         2382    i.__ARM_fpclassifyf  m_ps.l(fpclassifyf.o)
    0x0800287c   0x0000000a   Code   RO         2385    i.__mathlib_flt_infnan  m_ps.l(funder.o)
    0x08002886   0x00000008   Code   RO         2386    i.__mathlib_flt_infnan2  m_ps.l(funder.o)
    0x0800288e   0x0000000c   Code   RO         2387    i.__mathlib_flt_invalid  m_ps.l(funder.o)
    0x0800289a   0x0000000e   Code   RO         2390    i.__mathlib_flt_underflow  m_ps.l(funder.o)
    0x080028a8   0x0000000e   Code   RO         2455    i.__scatterload_copy  mc_p.l(handlers.o)
    0x080028b6   0x00000002   Code   RO         2456    i.__scatterload_null  mc_p.l(handlers.o)
    0x080028b8   0x0000000e   Code   RO         2457    i.__scatterload_zeroinit  mc_p.l(handlers.o)
    0x080028c6   0x00000002   PAD
    0x080028c8   0x0000000c   Code   RO         2423    i.__set_errno       mc_p.l(errno.o)
    0x080028d4   0x00000158   Code   RO         2341    i._fp_digits        mc_p.l(printfa.o)
    0x08002a2c   0x000006ec   Code   RO         2342    i._printf_core      mc_p.l(printfa.o)
    0x08003118   0x00000020   Code   RO         2343    i._printf_post_padding  mc_p.l(printfa.o)
    0x08003138   0x0000002c   Code   RO         2344    i._printf_pre_padding  mc_p.l(printfa.o)
    0x08003164   0x0000000a   Code   RO         2346    i._sputc            mc_p.l(printfa.o)
    0x0800316e   0x00000002   PAD
    0x08003170   0x00000118   Code   RO         2069    i.asinf             m_ps.l(asinf.o)
    0x08003288   0x0000025c   Code   RO         2077    i.atan2f            m_ps.l(atan2f.o)
    0x080034e4   0x0000000c   Code   RO         1802    i.delay_1us         5110.o
    0x080034f0   0x00000044   Code   RO          201    i.delay_ms          bsp.o
    0x08003534   0x00000028   Code   RO         2018    i.getPitch          mahonyahrs.o
    0x0800355c   0x00000028   Code   RO         2019    i.getRoll           mahonyahrs.o
    0x08003584   0x00000034   Code   RO         2020    i.getYaw            mahonyahrs.o
    0x080035b8   0x00000090   Code   RO            4    i.main              main.o
    0x08003648   0x0000002c   Code   RO         2085    i.sqrtf             m_ps.l(sqrtf.o)
    0x08003674   0x0000022e   Data   RO         1803    .constdata          5110.o
    0x080038a2   0x00000002   PAD
    0x080038a4   0x00000020   Data   RO         2453    Region$$Table       anon$$obj.o


    Execution Region RW_IRAM1 (Base: 0x20000000, Size: 0x00000490, Max: 0x00002000, ABSOLUTE)

    Base Addr    Size         Type   Attr      Idx    E Section Name        Object

    0x20000000   0x00000004   Data   RW            5    .data               main.o
    0x20000004   0x00000014   Data   RW          158    .data               system_stm32f0xx.o
    0x20000018   0x00000014   Data   RW         1874    .data               mse5611.o
    0x2000002c   0x0000000c   Data   RW         1943    .data               mpu6050.o
    0x20000038   0x00000006   Data   RW         1981    .data               hmc5983.o
    0x2000003e   0x00000002   PAD
    0x20000040   0x00000031   Data   RW         2021    .data               mahonyahrs.o
    0x20000071   0x00000003   PAD
    0x20000074   0x00000004   Data   RW         2424    .data               mc_p.l(errno.o)
    0x20000078   0x0000000c   Zero   RW         1873    .bss                mse5611.o
    0x20000084   0x0000000c   Zero   RW         1942    .bss                mpu6050.o
    0x20000090   0x00000400   Zero   RW         1787    STACK               startup_stm32f0xx.o


==============================================================================

Image component sizes


      Code (inc. data)   RO Data    RW Data    ZI Data      Debug   Object Name

       416         24        558          0          0       3090   5110.o
       992         74          0          0          0       3609   bsp.o
       208         12          0          6          0       1770   hmc5983.o
       364          0          0          0          0       2652   i2c_libary.o
      2456        194          0         49          0       5544   mahonyahrs.o
       360         28          0          4          0     202738   main.o
       468         34          0         12         12       2331   mpu6050.o
       778         74          0         20         12       4464   mse5611.o
        88         38        192          0       1024        592   startup_stm32f0xx.o
       220          0          0          0          0       2479   stm32f0xx_gpio.o
       216         16          0          0          0       3709   stm32f0xx_i2c.o
        12          0          0          0          0       1883   stm32f0xx_it.o
       124         18          0          0          0       1945   stm32f0xx_rcc.o
       166         20          0          0          0       2985   stm32f0xx_spi.o
       770        146          0          0          0       4534   stm32f0xx_tim.o
       340         24          0         20          0       1497   system_stm32f0xx.o

    ----------------------------------------------------------------------
      7984        702        784        116       1048     245822   Object Totals
         0          0         32          0          0          0   (incl. Generated)
         6          0          2          5          0          0   (incl. Padding)

    ----------------------------------------------------------------------

      Code (inc. data)   RO Data    RW Data    ZI Data      Debug   Library Member Name

       280         38          0          0          0         76   asinf.o
       604         78          0          0          0        120   atan2f.o
        34          0          0          0          0         60   fpclassifyf.o
        44          0          0          0          0        272   funder.o
        44          0          0          0          0         72   sqrtf.o
         0          0          0          0          0          0   entry.o
         0          0          0          0          0          0   entry10a.o
         0          0          0          0          0          0   entry11a.o
         8          4          0          0          0          0   entry2.o
         4          0          0          0          0          0   entry5.o
         0          0          0          0          0          0   entry7b.o
         0          0          0          0          0          0   entry8b.o
         8          4          0          0          0          0   entry9a.o
        12          6          0          4          0         60   errno.o
        30          0          0          0          0          0   handlers.o
        40          0          0          0          0         72   idiv.o
        36          8          0          0          0         68   init.o
         0          0          0          0          0          0   iusefp.o
       122          0          0          0          0         84   llmul.o
        32          0          0          0          0         68   llshl.o
        38          0          0          0          0         68   llsshr.o
        34          0          0          0          0         68   llushr.o
      2242         94          0          0          0        472   printfa.o
        44          0          0          0          0         72   uidiv.o
        96          0          0          0          0         84   uldiv.o
        40          2          0          0          0         68   cdrcmple.o
        20          0          0          0          0         68   cfcmple.o
        20          0          0          0          0         68   cfrcmple.o
       356          4          0          0          0        140   dadd.o
       240          6          0          0          0         84   ddiv.o
       236          0          0          0          0        216   depilogue.o
        60         10          0          0          0         68   dfixui.o
        64         10          0          0          0         68   dfixul.o
        28          4          0          0          0         68   dfltui.o
       208          6          0          0          0         88   dmul.o
        40          0          0          0          0         60   f2d.o
       178          0          0          0          0        108   fadd.o
       124          0          0          0          0         72   fdiv.o
       130          0          0          0          0        144   fepilogue.o
        22          0          0          0          0         68   fflti.o
       122          0          0          0          0         72   fmul.o
        24          0          0          0          0         60   fscalb.o
        88          0          0          0          0         72   fsqrt.o

    ----------------------------------------------------------------------
      5764        274          0          4          0       3308   Library Totals
        12          0          0          0          0          0   (incl. Padding)

    ----------------------------------------------------------------------

      Code (inc. data)   RO Data    RW Data    ZI Data      Debug   Library Name

      1006        116          0          0          0        600   m_ps.l
      2746        116          0          4          0       1116   mc_p.l
      2000         42          0          0          0       1592   mf_p.l

    ----------------------------------------------------------------------
      5764        274          0          4          0       3308   Library Totals

    ----------------------------------------------------------------------

==============================================================================


      Code (inc. data)   RO Data    RW Data    ZI Data      Debug   

     13748        976        784        120       1048     244506   Grand Totals
     13748        976        784        120       1048     244506   ELF Image Totals
     13748        976        784        120          0          0   ROM Totals

==============================================================================

    Total RO  Size (Code + RO Data)                14532 (  14.19kB)
    Total RW  Size (RW Data + ZI Data)              1168 (   1.14kB)
    Total ROM Size (Code + RO Data + RW Data)      14652 (  14.31kB)

==============================================================================

